Archive member included to satisfy reference by file (symbol)

c:/program files (x86)/gnu tools arm embedded/6 2017-q2-update/bin/../lib/gcc/arm-none-eabi/6.3.1/../../../../arm-none-eabi/lib/thumb/v7e-m\libm.a(lib_a-s_cos.o)
                              ..\obj\odometry.o (cos)
c:/program files (x86)/gnu tools arm embedded/6 2017-q2-update/bin/../lib/gcc/arm-none-eabi/6.3.1/../../../../arm-none-eabi/lib/thumb/v7e-m\libm.a(lib_a-s_sin.o)
                              ..\obj\odometry.o (sin)
c:/program files (x86)/gnu tools arm embedded/6 2017-q2-update/bin/../lib/gcc/arm-none-eabi/6.3.1/../../../../arm-none-eabi/lib/thumb/v7e-m\libm.a(lib_a-w_atan2.o)
                              ..\obj\speed_control.o (atan2)
c:/program files (x86)/gnu tools arm embedded/6 2017-q2-update/bin/../lib/gcc/arm-none-eabi/6.3.1/../../../../arm-none-eabi/lib/thumb/v7e-m\libm.a(lib_a-w_pow.o)
                              ..\obj\speed_control.o (pow)
c:/program files (x86)/gnu tools arm embedded/6 2017-q2-update/bin/../lib/gcc/arm-none-eabi/6.3.1/../../../../arm-none-eabi/lib/thumb/v7e-m\libm.a(lib_a-w_sqrt.o)
                              ..\obj\speed_control.o (sqrt)
c:/program files (x86)/gnu tools arm embedded/6 2017-q2-update/bin/../lib/gcc/arm-none-eabi/6.3.1/../../../../arm-none-eabi/lib/thumb/v7e-m\libm.a(lib_a-e_atan2.o)
                              c:/program files (x86)/gnu tools arm embedded/6 2017-q2-update/bin/../lib/gcc/arm-none-eabi/6.3.1/../../../../arm-none-eabi/lib/thumb/v7e-m\libm.a(lib_a-w_atan2.o) (__ieee754_atan2)
c:/program files (x86)/gnu tools arm embedded/6 2017-q2-update/bin/../lib/gcc/arm-none-eabi/6.3.1/../../../../arm-none-eabi/lib/thumb/v7e-m\libm.a(lib_a-e_pow.o)
                              c:/program files (x86)/gnu tools arm embedded/6 2017-q2-update/bin/../lib/gcc/arm-none-eabi/6.3.1/../../../../arm-none-eabi/lib/thumb/v7e-m\libm.a(lib_a-w_pow.o) (__ieee754_pow)
c:/program files (x86)/gnu tools arm embedded/6 2017-q2-update/bin/../lib/gcc/arm-none-eabi/6.3.1/../../../../arm-none-eabi/lib/thumb/v7e-m\libm.a(lib_a-e_rem_pio2.o)
                              c:/program files (x86)/gnu tools arm embedded/6 2017-q2-update/bin/../lib/gcc/arm-none-eabi/6.3.1/../../../../arm-none-eabi/lib/thumb/v7e-m\libm.a(lib_a-s_cos.o) (__ieee754_rem_pio2)
c:/program files (x86)/gnu tools arm embedded/6 2017-q2-update/bin/../lib/gcc/arm-none-eabi/6.3.1/../../../../arm-none-eabi/lib/thumb/v7e-m\libm.a(lib_a-e_sqrt.o)
                              c:/program files (x86)/gnu tools arm embedded/6 2017-q2-update/bin/../lib/gcc/arm-none-eabi/6.3.1/../../../../arm-none-eabi/lib/thumb/v7e-m\libm.a(lib_a-w_sqrt.o) (__ieee754_sqrt)
c:/program files (x86)/gnu tools arm embedded/6 2017-q2-update/bin/../lib/gcc/arm-none-eabi/6.3.1/../../../../arm-none-eabi/lib/thumb/v7e-m\libm.a(lib_a-k_cos.o)
                              c:/program files (x86)/gnu tools arm embedded/6 2017-q2-update/bin/../lib/gcc/arm-none-eabi/6.3.1/../../../../arm-none-eabi/lib/thumb/v7e-m\libm.a(lib_a-s_cos.o) (__kernel_cos)
c:/program files (x86)/gnu tools arm embedded/6 2017-q2-update/bin/../lib/gcc/arm-none-eabi/6.3.1/../../../../arm-none-eabi/lib/thumb/v7e-m\libm.a(lib_a-k_rem_pio2.o)
                              c:/program files (x86)/gnu tools arm embedded/6 2017-q2-update/bin/../lib/gcc/arm-none-eabi/6.3.1/../../../../arm-none-eabi/lib/thumb/v7e-m\libm.a(lib_a-e_rem_pio2.o) (__kernel_rem_pio2)
c:/program files (x86)/gnu tools arm embedded/6 2017-q2-update/bin/../lib/gcc/arm-none-eabi/6.3.1/../../../../arm-none-eabi/lib/thumb/v7e-m\libm.a(lib_a-k_sin.o)
                              c:/program files (x86)/gnu tools arm embedded/6 2017-q2-update/bin/../lib/gcc/arm-none-eabi/6.3.1/../../../../arm-none-eabi/lib/thumb/v7e-m\libm.a(lib_a-s_cos.o) (__kernel_sin)
c:/program files (x86)/gnu tools arm embedded/6 2017-q2-update/bin/../lib/gcc/arm-none-eabi/6.3.1/../../../../arm-none-eabi/lib/thumb/v7e-m\libm.a(lib_a-s_atan.o)
                              c:/program files (x86)/gnu tools arm embedded/6 2017-q2-update/bin/../lib/gcc/arm-none-eabi/6.3.1/../../../../arm-none-eabi/lib/thumb/v7e-m\libm.a(lib_a-e_atan2.o) (atan)
c:/program files (x86)/gnu tools arm embedded/6 2017-q2-update/bin/../lib/gcc/arm-none-eabi/6.3.1/../../../../arm-none-eabi/lib/thumb/v7e-m\libm.a(lib_a-s_fabs.o)
                              c:/program files (x86)/gnu tools arm embedded/6 2017-q2-update/bin/../lib/gcc/arm-none-eabi/6.3.1/../../../../arm-none-eabi/lib/thumb/v7e-m\libm.a(lib_a-e_atan2.o) (fabs)
c:/program files (x86)/gnu tools arm embedded/6 2017-q2-update/bin/../lib/gcc/arm-none-eabi/6.3.1/../../../../arm-none-eabi/lib/thumb/v7e-m\libm.a(lib_a-s_finite.o)
                              c:/program files (x86)/gnu tools arm embedded/6 2017-q2-update/bin/../lib/gcc/arm-none-eabi/6.3.1/../../../../arm-none-eabi/lib/thumb/v7e-m\libm.a(lib_a-w_pow.o) (finite)
[...]
Memory Configuration

Name             Origin             Length             Attributes
rom              0x08000000         0x00100000         xr
ram              0x20000000         0x00020000         xrw
ram1             0x10000000         0x00010000         xrw
*default*        0x00000000         0xffffffff

Linker script and memory map

                0x20020000                _eram = 0x20020000

.text           0x08000000     0x9590
 *(.isr_vector)
 .isr_vector    0x08000000      0x188 ..\obj\startup_stm32f4xx.o
                0x08000000                g_pfnVectors
 *(.text*)
 .text.init_USART
                0x08000188       0xc8 ..\obj\uart_node.o
                0x08000188                init_USART
 .text.USART2_IRQHandler
                0x08000250      0x218 ..\obj\uart_node.o
                0x08000250                USART2_IRQHandler
 .text.init_node
                0x08000468        0xc ..\obj\uart_node.o
                0x08000468                init_node
 .text.SYSCFG_EXTILineConfig
                0x08000474       0x84 ..\obj\stm32f4xx_syscfg.o
                0x08000474                SYSCFG_EXTILineConfig
 .text.USART_DeInit
                0x080004f8       0xd4 ..\obj\stm32f4xx_usart.o
                0x080004f8                USART_DeInit
 .text.USART_Init
                0x080005cc      0x174 ..\obj\stm32f4xx_usart.o
                0x080005cc                USART_Init
 .text.USART_Cmd
                0x08000740       0x3e ..\obj\stm32f4xx_usart.o
                0x08000740                USART_Cmd
 .text.USART_SendData
                0x0800077e       0x22 ..\obj\stm32f4xx_usart.o
                0x0800077e                USART_SendData
 .text.USART_ReceiveData
                0x080007a0       0x1e ..\obj\stm32f4xx_usart.o
                0x080007a0                USART_ReceiveData
 .text.USART_ITConfig
                0x080007be       0x8e ..\obj\stm32f4xx_usart.o
                0x080007be                USART_ITConfig
 .text.USART_GetITStatus
                0x0800084c       0xb4 ..\obj\stm32f4xx_usart.o
                0x0800084c                USART_GetITStatus
 .text.Default_Reset_Handler
                0x08000900       0x60 ..\obj\startup_stm32f4xx.o
                0x08000900                Default_Reset_Handler
                0x08000900                Reset_Handler
 .text.Default_Handler
                0x08000960        0x6 ..\obj\startup_stm32f4xx.o
                0x08000960                RTC_Alarm_IRQHandler
                0x08000960                HASH_RNG_IRQHandler
                0x08000960                TIM8_CC_IRQHandler
                0x08000960                DebugMon_Handler
                0x08000960                TIM1_CC_IRQHandler
                0x08000960                DMA2_Stream5_IRQHandler
                0x08000960                HardFault_Handler
                0x08000960                DMA1_Stream5_IRQHandler
                0x08000960                PVD_IRQHandler
                0x08000960                SDIO_IRQHandler
                0x08000960                TAMP_STAMP_IRQHandler
                0x08000960                PendSV_Handler
                0x08000960                NMI_Handler
                0x08000960                CAN2_RX1_IRQHandler
                0x08000960                TIM8_TRG_COM_TIM14_IRQHandler
                0x08000960                TIM1_UP_TIM10_IRQHandler
                0x08000960                TIM8_UP_TIM13_IRQHandler
                0x08000960                I2C3_ER_IRQHandler
                0x08000960                I2C2_EV_IRQHandler
                0x08000960                DMA1_Stream2_IRQHandler
                0x08000960                CAN1_RX0_IRQHandler
                0x08000960                FPU_IRQHandler
                0x08000960                OTG_HS_WKUP_IRQHandler
                0x08000960                UsageFault_Handler
                0x08000960                CAN2_SCE_IRQHandler
                0x08000960                DMA2_Stream2_IRQHandler
                0x08000960                SPI1_IRQHandler
                0x08000960                TIM6_DAC_IRQHandler
                0x08000960                TIM1_BRK_TIM9_IRQHandler
                0x08000960                DCMI_IRQHandler
                0x08000960                CAN2_RX0_IRQHandler
                0x08000960                DMA2_Stream3_IRQHandler
                0x08000960                USART6_IRQHandler
                0x08000960                CRYP_IRQHandler
                0x08000960                CAN1_RX1_IRQHandler
                0x08000960                UART5_IRQHandler
                0x08000960                DMA2_Stream0_IRQHandler
                0x08000960                TIM4_IRQHandler
                0x08000960                I2C1_EV_IRQHandler
                0x08000960                DMA1_Stream6_IRQHandler
                0x08000960                DMA1_Stream1_IRQHandler
                0x08000960                UART4_IRQHandler
                0x08000960                TIM3_IRQHandler
                0x08000960                RCC_IRQHandler
                0x08000960                TIM8_BRK_TIM12_IRQHandler
                0x08000960                EXTI15_10_IRQHandler
                0x08000960                ADC_IRQHandler
                0x08000960                DMA1_Stream7_IRQHandler
                0x08000960                TIM7_IRQHandler
                0x08000960                CAN2_TX_IRQHandler
                0x08000960                DMA2_Stream7_IRQHandler
                0x08000960                I2C3_EV_IRQHandler
                0x08000960                RTC_WKUP_IRQHandler
                0x08000960                ETH_WKUP_IRQHandler
                0x08000960                SPI2_IRQHandler
                0x08000960                OTG_HS_EP1_IN_IRQHandler
                0x08000960                MemManage_Handler
                0x08000960                DMA1_Stream0_IRQHandler
                0x08000960                CAN1_TX_IRQHandler
                0x08000960                SVC_Handler
                0x08000960                FSMC_IRQHandler
                0x08000960                ETH_IRQHandler
                0x08000960                OTG_HS_EP1_OUT_IRQHandler
                0x08000960                WWDG_IRQHandler
                0x08000960                OTG_FS_WKUP_IRQHandler
                0x08000960                TIM1_TRG_COM_TIM11_IRQHandler
                0x08000960                OTG_HS_IRQHandler
                0x08000960                I2C2_ER_IRQHandler
                0x08000960                DMA2_Stream1_IRQHandler
                0x08000960                CAN1_SCE_IRQHandler
                0x08000960                FLASH_IRQHandler
                0x08000960                DMA2_Stream4_IRQHandler
                0x08000960                BusFault_Handler
                0x08000960                USART1_IRQHandler
                0x08000960                OTG_FS_IRQHandler
                0x08000960                SPI3_IRQHandler
                0x08000960                DMA1_Stream4_IRQHandler
                0x08000960                I2C1_ER_IRQHandler
                0x08000960                DMA2_Stream6_IRQHandler
                0x08000960                DMA1_Stream3_IRQHandler
 *fill*         0x08000966        0x2 
 .text.TM_TIMER_Init
                0x08000968       0x44 ..\obj\pwm_motor.o
                0x08000968                TM_TIMER_Init
 .text.init_pwm
                0x080009ac       0x88 ..\obj\pwm_motor.o
                0x080009ac                init_pwm
 .text.init_motor
                0x08000a34       0xbc ..\obj\pwm_motor.o
                0x08000a34                init_motor
 .text.motorDC  0x08000af0      0x138 ..\obj\pwm_motor.o
                0x08000af0                motorDC
 .text.main     0x08000c28       0xa4 ..\obj\main.o
                0x08000c28                main
 .text.RCC_HSEConfig
                0x08000ccc       0x24 ..\obj\stm32f4xx_rcc.o
                0x08000ccc                RCC_HSEConfig
 .text.RCC_WaitForHSEStartUp
                0x08000cf0       0x50 ..\obj\stm32f4xx_rcc.o
                0x08000cf0                RCC_WaitForHSEStartUp
 .text.RCC_GetClocksFreq
                0x08000d40      0x150 ..\obj\stm32f4xx_rcc.o
                0x08000d40                RCC_GetClocksFreq
 .text.RCC_AHB1PeriphClockCmd
                0x08000e90       0x3c ..\obj\stm32f4xx_rcc.o
                0x08000e90                RCC_AHB1PeriphClockCmd
 .text.RCC_APB1PeriphClockCmd
                0x08000ecc       0x3c ..\obj\stm32f4xx_rcc.o
                0x08000ecc                RCC_APB1PeriphClockCmd
 .text.RCC_APB2PeriphClockCmd
                0x08000f08       0x3c ..\obj\stm32f4xx_rcc.o
                0x08000f08                RCC_APB2PeriphClockCmd
 .text.RCC_APB1PeriphResetCmd
                0x08000f44       0x3c ..\obj\stm32f4xx_rcc.o
                0x08000f44                RCC_APB1PeriphResetCmd
 .text.RCC_APB2PeriphResetCmd
                0x08000f80       0x3c ..\obj\stm32f4xx_rcc.o
                0x08000f80                RCC_APB2PeriphResetCmd
 .text.RCC_GetFlagStatus
                0x08000fbc       0x74 ..\obj\stm32f4xx_rcc.o
                0x08000fbc                RCC_GetFlagStatus
 .text.PutChar  0x08001030       0x1e ..\obj\printf.o
                0x08001030                PutChar
 .text.PutString
                0x0800104e       0x3a ..\obj\printf.o
                0x0800104e                PutString
 .text.PutUnsignedInt
                0x08001088       0x9c ..\obj\printf.o
                0x08001088                PutUnsignedInt
 .text.PutSignedInt
                0x08001124       0xf8 ..\obj\printf.o
                0x08001124                PutSignedInt
 .text.PutHexa  0x0800121c       0xd4 ..\obj\printf.o
                0x0800121c                PutHexa
 .text.vsnprintf
                0x080012f0      0x254 ..\obj\printf.o
                0x080012f0                vsnprintf
 .text.vsprintf
                0x08001544       0x22 ..\obj\printf.o
                0x08001544                vsprintf
 .text.sprintf  0x08001566       0x2c ..\obj\printf.o
                0x08001566                sprintf
 *fill*         0x08001592        0x2 
 .text.TM_RE_Init
                0x08001594       0xb8 ..\obj\tm_stm32f4_rotary_encoder.o
                0x08001594                TM_RE_Init
 .text.InitSecondEncoder
                0x0800164c       0xb8 ..\obj\tm_stm32f4_rotary_encoder.o
                0x0800164c                InitSecondEncoder
 .text.InitThirdEncoder
                0x08001704       0xb8 ..\obj\tm_stm32f4_rotary_encoder.o
                0x08001704                InitThirdEncoder
 .text.InitFourthEncoder
                0x080017bc       0xb8 ..\obj\tm_stm32f4_rotary_encoder.o
                0x080017bc                InitFourthEncoder
 .text.InitFifthEncoder
                0x08001874       0xb8 ..\obj\tm_stm32f4_rotary_encoder.o
                0x08001874                InitFifthEncoder
 .text.InitSixthEncoder
                0x0800192c       0xb8 ..\obj\tm_stm32f4_rotary_encoder.o
                0x0800192c                InitSixthEncoder
 .text.TM_RE_Get
                0x080019e4       0x78 ..\obj\tm_stm32f4_rotary_encoder.o
                0x080019e4                TM_RE_Get
 .text.SecondGet
                0x08001a5c       0x78 ..\obj\tm_stm32f4_rotary_encoder.o
                0x08001a5c                SecondGet
 .text.ThirdGet
                0x08001ad4       0x78 ..\obj\tm_stm32f4_rotary_encoder.o
                0x08001ad4                ThirdGet
 .text.FourthGet
                0x08001b4c       0x78 ..\obj\tm_stm32f4_rotary_encoder.o
                0x08001b4c                FourthGet
 .text.TM_RE_Process
                0x08001bc4       0x68 ..\obj\tm_stm32f4_rotary_encoder.o
                0x08001bc4                TM_RE_Process
 .text.SecondProcess
                0x08001c2c       0x68 ..\obj\tm_stm32f4_rotary_encoder.o
                0x08001c2c                SecondProcess
 .text.ThirdProcess
                0x08001c94       0x68 ..\obj\tm_stm32f4_rotary_encoder.o
                0x08001c94                ThirdProcess
 .text.FourthProcess
                0x08001cfc       0x68 ..\obj\tm_stm32f4_rotary_encoder.o
                0x08001cfc                FourthProcess
 .text.FifthProcess
                0x08001d64       0x68 ..\obj\tm_stm32f4_rotary_encoder.o
                0x08001d64                FifthProcess
 .text.SixthProcess
                0x08001dcc       0x68 ..\obj\tm_stm32f4_rotary_encoder.o
                0x08001dcc                SixthProcess
 .text.EXTI0_IRQHandler
                0x08001e34       0x1e ..\obj\tm_stm32f4_rotary_encoder.o
                0x08001e34                EXTI0_IRQHandler
 .text.EXTI1_IRQHandler
                0x08001e52       0x1e ..\obj\tm_stm32f4_rotary_encoder.o
                0x08001e52                EXTI1_IRQHandler
 .text.EXTI2_IRQHandler
                0x08001e70       0x1e ..\obj\tm_stm32f4_rotary_encoder.o
                0x08001e70                EXTI2_IRQHandler
 .text.EXTI3_IRQHandler
                0x08001e8e       0x1e ..\obj\tm_stm32f4_rotary_encoder.o
                0x08001e8e                EXTI3_IRQHandler
 .text.EXTI4_IRQHandler
                0x08001eac       0x1e ..\obj\tm_stm32f4_rotary_encoder.o
                0x08001eac                EXTI4_IRQHandler
 .text.EXTI9_5_IRQHandler
                0x08001eca       0x1e ..\obj\tm_stm32f4_rotary_encoder.o
                0x08001eca                EXTI9_5_IRQHandler
 .text.NVIC_SetPriority
                0x08001ee8       0x54 ..\obj\tm_stm32f4_delay.o
 .text.SysTick_Config
                0x08001f3c       0x44 ..\obj\tm_stm32f4_delay.o
 .text.SysTick_Handler
                0x08001f80       0x48 ..\obj\tm_stm32f4_delay.o
                0x08001f80                SysTick_Handler
 .text.TM_DELAY_Init
                0x08001fc8       0x50 ..\obj\tm_stm32f4_delay.o
                0x08001fc8                TM_DELAY_Init
 .text.GPIO_Init
                0x08002018      0x11a ..\obj\stm32f4xx_gpio.o
                0x08002018                GPIO_Init
 .text.GPIO_ReadInputDataBit
                0x08002132       0x32 ..\obj\stm32f4xx_gpio.o
                0x08002132                GPIO_ReadInputDataBit
 .text.GPIO_SetBits
                0x08002164       0x1c ..\obj\stm32f4xx_gpio.o
                0x08002164                GPIO_SetBits
 .text.GPIO_ResetBits
                0x08002180       0x1c ..\obj\stm32f4xx_gpio.o
                0x08002180                GPIO_ResetBits
 .text.GPIO_PinAFConfig
                0x0800219c       0x90 ..\obj\stm32f4xx_gpio.o
                0x0800219c                GPIO_PinAFConfig
 .text.init_handle
                0x0800222c       0x64 ..\obj\mekanisme_penendang.o
                0x0800222c                init_handle
 .text.init_penendang
                0x08002290       0x38 ..\obj\mekanisme_penendang.o
                0x08002290                init_penendang
 .text.handleRotateIn
                0x080022c8       0x44 ..\obj\mekanisme_penendang.o
                0x080022c8                handleRotateIn
 .text.lcd_clear
                0x0800230c       0x16 ..\obj\lcd_16x2.o
                0x0800230c                lcd_clear
 .text.lcd_putsf
                0x08002322       0x3e ..\obj\lcd_16x2.o
                0x08002322                lcd_putsf
 .text.P_LCD_2x16_PinLo
                0x08002360       0x40 ..\obj\lcd_16x2.o
                0x08002360                P_LCD_2x16_PinLo
 .text.P_LCD_2x16_PinHi
                0x080023a0       0x40 ..\obj\lcd_16x2.o
                0x080023a0                P_LCD_2x16_PinHi
 .text.P_LCD_2x16_Clk
                0x080023e0       0x24 ..\obj\lcd_16x2.o
                0x080023e0                P_LCD_2x16_Clk
 .text.P_LCD_2x16_Cmd
                0x08002404       0xde ..\obj\lcd_16x2.o
                0x08002404                P_LCD_2x16_Cmd
 .text.P_LCD_2x16_Data
                0x080024e2       0xde ..\obj\lcd_16x2.o
                0x080024e2                P_LCD_2x16_Data
 .text.lcd_gotoxy
                0x080025c0       0x4a ..\obj\lcd_16x2.o
                0x080025c0                lcd_gotoxy
 .text.P_LCD_2x16_Delay
                0x0800260a       0x1e ..\obj\lcd_16x2.o
                0x0800260a                P_LCD_2x16_Delay
 .text.SystemInit
                0x08002628       0x5c ..\obj\system_stm32f4xx.o
                0x08002628                SystemInit
 .text.SetSysClock
                0x08002684       0xf4 ..\obj\system_stm32f4xx.o
 .text.init_camera
                0x08002778       0xd8 ..\obj\uart_camera.o
                0x08002778                init_camera
 .text.USART3_IRQHandler
                0x08002850      0x248 ..\obj\uart_camera.o
                0x08002850                USART3_IRQHandler
 .text.InitializeTimer
                0x08002a98       0x4e ..\obj\speed_control.o
                0x08002a98                InitializeTimer
 .text.EnableTimerInterrupt
                0x08002ae6       0x26 ..\obj\speed_control.o
                0x08002ae6                EnableTimerInterrupt
 .text.init_speed_control
                0x08002b0c       0x5c ..\obj\speed_control.o
                0x08002b0c                init_speed_control
 .text.odoInit  0x08002b68      0x12c ..\obj\speed_control.o
                0x08002b68                odoInit
 .text.traXInit
                0x08002c94       0xa0 ..\obj\speed_control.o
                0x08002c94                traXInit
 .text.traYInit
                0x08002d34       0xa0 ..\obj\speed_control.o
                0x08002d34                traYInit
 .text.pidInit  0x08002dd4       0x78 ..\obj\speed_control.o
                0x08002dd4                pidInit
 .text.resetInit
                0x08002e4c       0xb8 ..\obj\speed_control.o
                0x08002e4c                resetInit
 .text.TIM2_IRQHandler
                0x08002f04      0x308 ..\obj\speed_control.o
                0x08002f04                TIM2_IRQHandler
 .text.calcTrj  0x0800320c      0xadc ..\obj\speed_control.o
                0x0800320c                calcTrj
 .text.calcTrjSpeed
                0x08003ce8      0x21c ..\obj\speed_control.o
                0x08003ce8                calcTrjSpeed
 .text.UB_TIMER2_ISR_CallBack
                0x08003f04      0x194 ..\obj\speed_control.o
                0x08003f04                UB_TIMER2_ISR_CallBack
 .text.moveInput
                0x08004098      0x4f0 ..\obj\speed_control.o
                0x08004098                moveInput
 .text.calculatePosition2
                0x08004588      0x5c8 ..\obj\speed_control.o
                0x08004588                calculatePosition2
 .text.calculatePID
                0x08004b50      0x430 ..\obj\speed_control.o
                0x08004b50                calculatePID
 .text.kinematic
                0x08004f80      0x23c ..\obj\speed_control.o
                0x08004f80                kinematic
 .text.EXTI_Init
                0x080051bc       0xe4 ..\obj\stm32f4xx_exti.o
                0x080051bc                EXTI_Init
 .text.EXTI_GetITStatus
                0x080052a0       0x48 ..\obj\stm32f4xx_exti.o
                0x080052a0                EXTI_GetITStatus
 .text.EXTI_ClearITPendingBit
                0x080052e8       0x1c ..\obj\stm32f4xx_exti.o
                0x080052e8                EXTI_ClearITPendingBit
 .text.NVIC_Init
                0x08005304       0xc4 ..\obj\misc.o
                0x08005304                NVIC_Init
 .text.printData
                0x080053c8       0x80 ..\obj\localization.o
                0x080053c8                printData
 .text.TIM5_IRQHandler
                0x08005448       0x28 ..\obj\localization.o
                0x08005448                TIM5_IRQHandler
 .text.TIM_TimeBaseInit
                0x08005470       0xd4 ..\obj\stm32f4xx_tim.o
                0x08005470                TIM_TimeBaseInit
 .text.TIM_Cmd  0x08005544       0x3e ..\obj\stm32f4xx_tim.o
                0x08005544                TIM_Cmd
 *fill*         0x08005582        0x2 
 .text.TIM_OC1Init
                0x08005584       0xf4 ..\obj\stm32f4xx_tim.o
                0x08005584                TIM_OC1Init
 .text.TIM_OC2Init
                0x08005678      0x110 ..\obj\stm32f4xx_tim.o
                0x08005678                TIM_OC2Init
 .text.TIM_OC3Init
                0x08005788      0x10c ..\obj\stm32f4xx_tim.o
                0x08005788                TIM_OC3Init
 .text.TIM_OC4Init
                0x08005894       0xcc ..\obj\stm32f4xx_tim.o
                0x08005894                TIM_OC4Init
 .text.TIM_OC1PreloadConfig
                0x08005960       0x36 ..\obj\stm32f4xx_tim.o
                0x08005960                TIM_OC1PreloadConfig
 .text.TIM_OC2PreloadConfig
                0x08005996       0x3a ..\obj\stm32f4xx_tim.o
                0x08005996                TIM_OC2PreloadConfig
 .text.TIM_OC3PreloadConfig
                0x080059d0       0x36 ..\obj\stm32f4xx_tim.o
                0x080059d0                TIM_OC3PreloadConfig
 .text.TIM_OC4PreloadConfig
                0x08005a06       0x3a ..\obj\stm32f4xx_tim.o
                0x08005a06                TIM_OC4PreloadConfig
 .text.TIM_ITConfig
                0x08005a40       0x46 ..\obj\stm32f4xx_tim.o
                0x08005a40                TIM_ITConfig
 .text.TIM_GetITStatus
                0x08005a86       0x52 ..\obj\stm32f4xx_tim.o
                0x08005a86                TIM_GetITStatus
 .text.TIM_ClearITPendingBit
                0x08005ad8       0x20 ..\obj\stm32f4xx_tim.o
                0x08005ad8                TIM_ClearITPendingBit
 .text.cos      0x08005af8       0x94 c:/program files (x86)/gnu tools arm embedded/6 2017-q2-update/bin/../lib/gcc/arm-none-eabi/6.3.1/../../../../arm-none-eabi/lib/thumb/v7e-m\libm.a(lib_a-s_cos.o)
                0x08005af8                cos
 .text.sin      0x08005b8c       0x88 c:/program files (x86)/gnu tools arm embedded/6 2017-q2-update/bin/../lib/gcc/arm-none-eabi/6.3.1/../../../../arm-none-eabi/lib/thumb/v7e-m\libm.a(lib_a-s_sin.o)
                0x08005b8c                sin
 .text.atan2    0x08005c14        0x4 c:/program files (x86)/gnu tools arm embedded/6 2017-q2-update/bin/../lib/gcc/arm-none-eabi/6.3.1/../../../../arm-none-eabi/lib/thumb/v7e-m\libm.a(lib_a-w_atan2.o)
                0x08005c14                atan2
 .text.pow      0x08005c18      0x2fc c:/program files (x86)/gnu tools arm embedded/6 2017-q2-update/bin/../lib/gcc/arm-none-eabi/6.3.1/../../../../arm-none-eabi/lib/thumb/v7e-m\libm.a(lib_a-w_pow.o)
                0x08005c18                pow
 *fill*         0x08005f14        0x4 
 .text.__ieee754_atan2
                0x08005f18      0x1d4 c:/program files (x86)/gnu tools arm embedded/6 2017-q2-update/bin/../lib/gcc/arm-none-eabi/6.3.1/../../../../arm-none-eabi/lib/thumb/v7e-m\libm.a(lib_a-e_atan2.o)
                0x08005f18                __ieee754_atan2
 *fill*         0x080060ec        0x4 
 .text.__ieee754_pow
                0x080060f0      0xa8c c:/program files (x86)/gnu tools arm embedded/6 2017-q2-update/bin/../lib/gcc/arm-none-eabi/6.3.1/../../../../arm-none-eabi/lib/thumb/v7e-m\libm.a(lib_a-e_pow.o)
                0x080060f0                __ieee754_pow
 *fill*         0x08006b7c        0x4 
 .text.__ieee754_rem_pio2
                0x08006b80      0x444 c:/program files (x86)/gnu tools arm embedded/6 2017-q2-update/bin/../lib/gcc/arm-none-eabi/6.3.1/../../../../arm-none-eabi/lib/thumb/v7e-m\libm.a(lib_a-e_rem_pio2.o)
                0x08006b80                __ieee754_rem_pio2
 .text.__ieee754_sqrt
                0x08006fc4      0x178 c:/program files (x86)/gnu tools arm embedded/6 2017-q2-update/bin/../lib/gcc/arm-none-eabi/6.3.1/../../../../arm-none-eabi/lib/thumb/v7e-m\libm.a(lib_a-e_sqrt.o)
                0x08006fc4                __ieee754_sqrt
 *fill*         0x0800713c        0x4 
 .text.__kernel_cos
                0x08007140      0x248 c:/program files (x86)/gnu tools arm embedded/6 2017-q2-update/bin/../lib/gcc/arm-none-eabi/6.3.1/../../../../arm-none-eabi/lib/thumb/v7e-m\libm.a(lib_a-k_cos.o)
                0x08007140                __kernel_cos
 .text.__kernel_rem_pio2
                0x08007388      0x88c c:/program files (x86)/gnu tools arm embedded/6 2017-q2-update/bin/../lib/gcc/arm-none-eabi/6.3.1/../../../../arm-none-eabi/lib/thumb/v7e-m\libm.a(lib_a-k_rem_pio2.o)
                0x08007388                __kernel_rem_pio2
 *fill*         0x08007c14        0x4 
 .text.__kernel_sin
                0x08007c18      0x16c c:/program files (x86)/gnu tools arm embedded/6 2017-q2-update/bin/../lib/gcc/arm-none-eabi/6.3.1/../../../../arm-none-eabi/lib/thumb/v7e-m\libm.a(lib_a-k_sin.o)
                0x08007c18                __kernel_sin
 *fill*         0x08007d84        0x4 
 .text.atan     0x08007d88      0x344 c:/program files (x86)/gnu tools arm embedded/6 2017-q2-update/bin/../lib/gcc/arm-none-eabi/6.3.1/../../../../arm-none-eabi/lib/thumb/v7e-m\libm.a(lib_a-s_atan.o)
                0x08007d88                atan
 .text.fabs     0x080080cc        0x8 c:/program files (x86)/gnu tools arm embedded/6 2017-q2-update/bin/../lib/gcc/arm-none-eabi/6.3.1/../../../../arm-none-eabi/lib/thumb/v7e-m\libm.a(lib_a-s_fabs.o)
                0x080080cc                fabs
 .text.finite   0x080080d4        0xc c:/program files (x86)/gnu tools arm embedded/6 2017-q2-update/bin/../lib/gcc/arm-none-eabi/6.3.1/../../../../arm-none-eabi/lib/thumb/v7e-m\libm.a(lib_a-s_finite.o)
                0x080080d4                finite
 .text.floor    0x080080e0      0x118 c:/program files (x86)/gnu tools arm embedded/6 2017-q2-update/bin/../lib/gcc/arm-none-eabi/6.3.1/../../../../arm-none-eabi/lib/thumb/v7e-m\libm.a(lib_a-s_floor.o)
                0x080080e0                floor
 .text.matherr  0x080081f8        0x4 c:/program files (x86)/gnu tools arm embedded/6 2017-q2-update/bin/../lib/gcc/arm-none-eabi/6.3.1/../../../../arm-none-eabi/lib/thumb/v7e-m\libm.a(lib_a-s_matherr.o)
                0x080081f8                matherr
 .text.nan      0x080081fc        0xc c:/program files (x86)/gnu tools arm embedded/6 2017-q2-update/bin/../lib/gcc/arm-none-eabi/6.3.1/../../../../arm-none-eabi/lib/thumb/v7e-m\libm.a(lib_a-s_nan.o)
                0x080081fc                nan
 .text.rint     0x08008208      0x114 c:/program files (x86)/gnu tools arm embedded/6 2017-q2-update/bin/../lib/gcc/arm-none-eabi/6.3.1/../../../../arm-none-eabi/lib/thumb/v7e-m\libm.a(lib_a-s_rint.o)
                0x08008208                rint
 *fill*         0x0800831c        0x4 
 .text.scalbn   0x08008320       0xfc c:/program files (x86)/gnu tools arm embedded/6 2017-q2-update/bin/../lib/gcc/arm-none-eabi/6.3.1/../../../../arm-none-eabi/lib/thumb/v7e-m\libm.a(lib_a-s_scalbn.o)
                0x08008320                scalbn
 .text.copysign
                0x0800841c       0x10 c:/program files (x86)/gnu tools arm embedded/6 2017-q2-update/bin/../lib/gcc/arm-none-eabi/6.3.1/../../../../arm-none-eabi/lib/thumb/v7e-m\libm.a(lib_a-s_copysign.o)
                0x0800841c                copysign
 .text          0x0800842c      0x370 c:/program files (x86)/gnu tools arm embedded/6 2017-q2-update/bin/../lib/gcc/arm-none-eabi/6.3.1/thumb/v7e-m\libgcc.a(_arm_addsubdf3.o)
                0x0800842c                __aeabi_drsub
                0x08008434                __aeabi_dsub
                0x08008434                __subdf3
                0x08008438                __aeabi_dadd
                0x08008438                __adddf3
                0x080086b0                __floatunsidf
                0x080086b0                __aeabi_ui2d
                0x080086d0                __floatsidf
                0x080086d0                __aeabi_i2d
                0x080086f4                __aeabi_f2d
                0x080086f4                __extendsfdf2
                0x08008730                __floatundidf
                0x08008730                __aeabi_ul2d
                0x08008740                __floatdidf
                0x08008740                __aeabi_l2d
 .text          0x0800879c      0x424 c:/program files (x86)/gnu tools arm embedded/6 2017-q2-update/bin/../lib/gcc/arm-none-eabi/6.3.1/thumb/v7e-m\libgcc.a(_arm_muldivdf3.o)
                0x0800879c                __aeabi_dmul
                0x0800879c                __muldf3
                0x080089f0                __divdf3
                0x080089f0                __aeabi_ddiv
 .text          0x08008bc0      0x110 c:/program files (x86)/gnu tools arm embedded/6 2017-q2-update/bin/../lib/gcc/arm-none-eabi/6.3.1/thumb/v7e-m\libgcc.a(_arm_cmpdf2.o)
                0x08008bc0                __gtdf2
                0x08008bc0                __gedf2
                0x08008bc8                __ltdf2
                0x08008bc8                __ledf2
                0x08008bd0                __nedf2
                0x08008bd0                __eqdf2
                0x08008bd0                __cmpdf2
                0x08008c4c                __aeabi_cdrcmple
                0x08008c5c                __aeabi_cdcmpeq
                0x08008c5c                __aeabi_cdcmple
                0x08008c6c                __aeabi_dcmpeq
                0x08008c80                __aeabi_dcmplt
                0x08008c94                __aeabi_dcmple
                0x08008ca8                __aeabi_dcmpge
                0x08008cbc                __aeabi_dcmpgt
 .text          0x08008cd0       0x2c c:/program files (x86)/gnu tools arm embedded/6 2017-q2-update/bin/../lib/gcc/arm-none-eabi/6.3.1/thumb/v7e-m\libgcc.a(_arm_unorddf2.o)
                0x08008cd0                __unorddf2
                0x08008cd0                __aeabi_dcmpun
 .text          0x08008cfc       0x50 c:/program files (x86)/gnu tools arm embedded/6 2017-q2-update/bin/../lib/gcc/arm-none-eabi/6.3.1/thumb/v7e-m\libgcc.a(_arm_fixdfsi.o)
                0x08008cfc                __aeabi_d2iz
                0x08008cfc                __fixdfsi
 .text          0x08008d4c       0x40 c:/program files (x86)/gnu tools arm embedded/6 2017-q2-update/bin/../lib/gcc/arm-none-eabi/6.3.1/thumb/v7e-m\libgcc.a(_arm_fixunsdfsi.o)
                0x08008d4c                __aeabi_d2uiz
                0x08008d4c                __fixunsdfsi
 .text          0x08008d8c      0x21c c:/program files (x86)/gnu tools arm embedded/6 2017-q2-update/bin/../lib/gcc/arm-none-eabi/6.3.1/thumb/v7e-m\libgcc.a(_arm_addsubsf3.o)
                0x08008d8c                __aeabi_frsub
                0x08008d94                __subsf3
                0x08008d94                __aeabi_fsub
                0x08008d98                __aeabi_fadd
                0x08008d98                __addsf3
                0x08008ef8                __aeabi_ui2f
                0x08008ef8                __floatunsisf
                0x08008f00                __aeabi_i2f
                0x08008f00                __floatsisf
                0x08008f1c                __aeabi_ul2f
                0x08008f1c                __floatundisf
                0x08008f2c                __aeabi_l2f
                0x08008f2c                __floatdisf
 .text          0x08008fa8      0x2a0 c:/program files (x86)/gnu tools arm embedded/6 2017-q2-update/bin/../lib/gcc/arm-none-eabi/6.3.1/thumb/v7e-m\libgcc.a(_arm_muldivsf3.o)
                0x08008fa8                __mulsf3
                0x08008fa8                __aeabi_fmul
                0x08009110                __aeabi_fdiv
                0x08009110                __divsf3
 .text          0x08009248       0xec c:/program files (x86)/gnu tools arm embedded/6 2017-q2-update/bin/../lib/gcc/arm-none-eabi/6.3.1/thumb/v7e-m\libgcc.a(_arm_cmpsf2.o)
                0x08009248                __gesf2
                0x08009248                __gtsf2
                0x08009250                __lesf2
                0x08009250                __ltsf2
                0x08009258                __nesf2
                0x08009258                __eqsf2
                0x08009258                __cmpsf2
                0x080092b8                __aeabi_cfrcmple
                0x080092c0                __aeabi_cfcmpeq
                0x080092c0                __aeabi_cfcmple
                0x080092d0                __aeabi_fcmpeq
                0x080092e4                __aeabi_fcmplt
                0x080092f8                __aeabi_fcmple
                0x0800930c                __aeabi_fcmpge
                0x08009320                __aeabi_fcmpgt
 .text.__errno  0x08009334        0xc c:/program files (x86)/gnu tools arm embedded/6 2017-q2-update/bin/../lib/gcc/arm-none-eabi/6.3.1/../../../../arm-none-eabi/lib/thumb/v7e-m\libg.a(lib_a-errno.o)
                0x08009334                __errno
 *(.init)
 *(.fini)
 *crtbegin.o(.ctors)
 *crtbegin?.o(.ctors)
 *(EXCLUDE_FILE(*crtend.o *crtend?.o) .ctors)
 *(SORT(.ctors.*))
 *(.ctors)
 *crtbegin.o(.dtors)
 *crtbegin?.o(.dtors)
 *(EXCLUDE_FILE(*crtend.o *crtend?.o) .dtors)
 *(SORT(.dtors.*))
 *(.dtors)
 *(.rodata*)
 .rodata        0x08009340       0x1f ..\obj\localization.o
 *fill*         0x0800935f        0x1 
 .rodata.pow.str1.4
                0x08009360        0x4 c:/program files (x86)/gnu tools arm embedded/6 2017-q2-update/bin/../lib/gcc/arm-none-eabi/6.3.1/../../../../arm-none-eabi/lib/thumb/v7e-m\libm.a(lib_a-w_pow.o)
 .rodata.__ieee754_pow.str1.4
                0x08009364        0x4 c:/program files (x86)/gnu tools arm embedded/6 2017-q2-update/bin/../lib/gcc/arm-none-eabi/6.3.1/../../../../arm-none-eabi/lib/thumb/v7e-m\libm.a(lib_a-e_pow.o)
                                  0x1 (size before relaxing)
 .rodata.npio2_hw
                0x08009368       0x80 c:/program files (x86)/gnu tools arm embedded/6 2017-q2-update/bin/../lib/gcc/arm-none-eabi/6.3.1/../../../../arm-none-eabi/lib/thumb/v7e-m\libm.a(lib_a-e_rem_pio2.o)
 .rodata.two_over_pi
                0x080093e8      0x108 c:/program files (x86)/gnu tools arm embedded/6 2017-q2-update/bin/../lib/gcc/arm-none-eabi/6.3.1/../../../../arm-none-eabi/lib/thumb/v7e-m\libm.a(lib_a-e_rem_pio2.o)
 .rodata.PIo2   0x080094f0       0x40 c:/program files (x86)/gnu tools arm embedded/6 2017-q2-update/bin/../lib/gcc/arm-none-eabi/6.3.1/../../../../arm-none-eabi/lib/thumb/v7e-m\libm.a(lib_a-k_rem_pio2.o)
 .rodata.init_jk
                0x08009530       0x10 c:/program files (x86)/gnu tools arm embedded/6 2017-q2-update/bin/../lib/gcc/arm-none-eabi/6.3.1/../../../../arm-none-eabi/lib/thumb/v7e-m\libm.a(lib_a-k_rem_pio2.o)
 .rodata.atanhi
                0x08009540       0x20 c:/program files (x86)/gnu tools arm embedded/6 2017-q2-update/bin/../lib/gcc/arm-none-eabi/6.3.1/../../../../arm-none-eabi/lib/thumb/v7e-m\libm.a(lib_a-s_atan.o)
 .rodata.atanlo
                0x08009560       0x20 c:/program files (x86)/gnu tools arm embedded/6 2017-q2-update/bin/../lib/gcc/arm-none-eabi/6.3.1/../../../../arm-none-eabi/lib/thumb/v7e-m\libm.a(lib_a-s_atan.o)
 .rodata.TWO52  0x08009580       0x10 c:/program files (x86)/gnu tools arm embedded/6 2017-q2-update/bin/../lib/gcc/arm-none-eabi/6.3.1/../../../../arm-none-eabi/lib/thumb/v7e-m\libm.a(lib_a-s_rint.o)
 *(.eh_fram e*)

.glue_7         0x08009590        0x0
 .glue_7        0x08009590        0x0 linker stubs

.glue_7t        0x08009590        0x0
 .glue_7t       0x08009590        0x0 linker stubs

.vfp11_veneer   0x08009590        0x0
 .vfp11_veneer  0x08009590        0x0 linker stubs

.v4_bx          0x08009590        0x0
 .v4_bx         0x08009590        0x0 linker stubs

.iplt           0x08009590        0x0
 .iplt          0x08009590        0x0 ..\obj\uart_node.o

.rel.dyn        0x08009590        0x0
 .rel.iplt      0x08009590        0x0 ..\obj\uart_node.o

.ARM.extab
 *(.ARM.extab* .gnu.linkonce.armextab.*)
                0x08009590                __exidx_start = .

.ARM.exidx
 *(.ARM.exidx* .gnu.linkonce.armexidx.*)
                0x08009590                __exidx_end = .
                0x08009590                __etext = .
                0x08009590                _sidata = __etext

.data           0x20000000      0x528 load address 0x08009590
                0x20000000                __data_start__ = .
                0x20000000                _sdata = __data_start__
 *(vtable)
 *(.data*)
 .data          0x20000000       0x10 ..\obj\stm32f4xx_rcc.o
 .data          0x20000010      0x42c ..\obj\printf.o
                0x20000010                r
                0x20000438                _impure_ptr
 .data          0x2000043c        0x6 ..\obj\tm_stm32f4_rotary_encoder.o
 *fill*         0x20000442        0x2 
 .data          0x20000444       0x78 ..\obj\lcd_16x2.o
                0x20000444                LCD_2X16
 .data          0x200004bc       0x14 ..\obj\system_stm32f4xx.o
                0x200004bc                SystemCoreClock
                0x200004c0                AHBPrescTable
 .data          0x200004d0       0x56 ..\obj\speed_control.o
                0x200004d0                vRotate
                0x200004d8                time_sampling
                0x200004e0                min_pid_limit
                0x200004e8                max_pid_limit
                0x200004f0                min_pwm_limit
                0x200004f8                max_pwm_limit
                0x20000500                abs1
                0x20000504                abs2
                0x20000508                ppr
                0x20000510                robot_radius
                0x20000518                wheel_radius
                0x20000520                move_ccounter
                0x20000524                is_mode_automatic
                0x20000525                step_move_counter
 .data.__fdlib_version
                0x20000526        0x1 c:/program files (x86)/gnu tools arm embedded/6 2017-q2-update/bin/../lib/gcc/arm-none-eabi/6.3.1/../../../../arm-none-eabi/lib/thumb/v7e-m\libm.a(lib_a-s_lib_ver.o)
                0x20000526                __fdlib_version
                0x20000528                . = ALIGN (0x4)
 *fill*         0x20000527        0x1 
                [!provide]                PROVIDE (__preinit_array_start, .)
 *(.preinit_array)
                [!provide]                PROVIDE (__preinit_array_end, .)
                0x20000528                . = ALIGN (0x4)
                [!provide]                PROVIDE (__init_array_start, .)
 *(SORT(.init_array.*))
 *(.init_array)
                [!provide]                PROVIDE (__init_array_end, .)
                0x20000528                . = ALIGN (0x4)
                [!provide]                PROVIDE (__fini_array_start, .)
 *(SORT(.fini_array.*))
 *(.fini_array)
                [!provide]                PROVIDE (__fini_array_end, .)
 *(.jcr*)
                0x20000528                . = ALIGN (0x4)
                0x20000528                __data_end__ = .
                0x20000528                _edata = __data_end__

.igot.plt       0x20000528        0x0 load address 0x08009ab8
 .igot.plt      0x20000528        0x0 ..\obj\uart_node.o

.bss            0x20000528      0x5dc load address 0x08009ab8
                0x20000528                . = ALIGN (0x4)
                0x20000528                __bss_start__ = .
                0x20000528                _sbss = __bss_start__
 *(.bss*)
 .bss           0x20000528       0x28 ..\obj\main.o
                0x20000534                counterSrf
                0x20000538                type
                0x20000540                inputy
                0x20000548                inputw
 .bss           0x20000550        0xd ..\obj\tm_stm32f4_delay.o
                0x2000055c                TM_DELAY_Initialized
 *fill*         0x2000055d        0x3 
 .bss           0x20000560        0xc ..\obj\uart_camera.o
                0x20000560                autosudut
                0x20000564                rx_index
                0x20000568                counter
 *fill*         0x2000056c        0x4 
 .bss           0x20000570      0x348 ..\obj\speed_control.o
                0x20000580                a
                0x20000588                b
                0x20000590                ballCoorX
                0x20000594                ballCoorY
                0x20000598                sudutBall
                0x200005a0                iterBall
                0x200005a4                avgxBall
                0x200005a8                avgyBall
                0x200005ac                rotaryCount
                0x200005b0                lastCount
                0x200005b4                error
                0x200005b6                errorDua
                0x200005b8                errorTiga
                0x200005ba                errorEmpat
                0x200005bc                rpm
                0x200005c0                rpmDua
                0x200005c4                rpmTiga
                0x200005c8                rpmEmpat
                0x200005cc                setPointSatu
                0x200005ce                setPointDua
                0x200005d0                setPointTiga
                0x200005d2                setPointEmpat
                0x200005d4                output
                0x200005d8                outputDua
                0x200005dc                outputTiga
                0x200005e0                outputEmpat
                0x200005e4                speed
                0x200005e8                prevError
                0x200005ea                derivError
                0x200005ec                intError
                0x200005ee                prevErrorDua
                0x200005f0                derivErrorDua
                0x200005f2                intErrorDua
                0x200005f4                prevErrorTiga
                0x200005f6                derivErrorTiga
                0x200005f8                intErrorTiga
                0x200005fa                prevErrorEmpat
                0x200005fc                derivErrorEmpat
                0x200005fe                intErrorEmpat
                0x20000600                tra_speed_count_x
                0x20000602                tra_speed_manual_count_x
                0x20000604                tra_speed_manual_count_chase_x
                0x20000606                tra_speed_manual_target_x
                0x20000608                is_tra_speed_x_done
                0x20000609                tra_x_speed_phase
                0x2000060a                tra_x_speed_reverse
                0x20000610                tra_int_current_x
                0x20000618                tra_speed_current_x_prev
                0x20000620                tra_speed_count_y
                0x20000622                tra_speed_manual_count_y
                0x20000624                tra_speed_manual_count_chase_y
                0x20000626                tra_speed_manual_target_y
                0x20000628                is_tra_speed_y_done
                0x20000629                tra_y_speed_phase
                0x2000062a                tra_y_speed_reverse
                0x20000630                tra_int_current_y
                0x20000638                tra_speed_current_y_prev
                0x20000640                sudut
                0x20000648                current_x
                0x20000650                current_y
                0x20000658                current_w
                0x20000660                current_w2
                0x20000668                currentLocal_x
                0x20000670                currentLocal_y
                0x20000678                currentLocal_w
                0x20000680                current_speed_1
                0x20000688                current_speed_2
                0x20000690                current_speed_3
                0x20000698                current_speed_4
                0x200006a0                current_speed_5
                0x200006a8                current_speed_6
                0x200006b0                odo_local_vx
                0x200006b8                odo_local_vy
                0x200006c0                odo_local_w
                0x200006c8                odo_global_vx
                0x200006d0                odo_global_vy
                0x200006d8                odo_global_w
                0x200006e0                odo_global_vx_prev
                0x200006e8                odo_global_vy_prev
                0x200006f0                odo_global_w_prev
                0x200006f8                tra_input_x
                0x20000700                tra_input_y
                0x20000708                tra_input_w
                0x20000710                tra_count_total_x
                0x20000718                tra_count_x
                0x20000720                tra_current_time_x
                0x20000728                tra_current_x
                0x20000730                last_tra_x
                0x20000738                tra_count_total_y
                0x20000740                tra_count_y
                0x20000748                tra_current_time_y
                0x20000750                tra_current_y
                0x20000758                last_tra_y
                0x20000760                tra_count_total_w
                0x20000768                tra_count_w
                0x20000770                tra_current_time_w
                0x20000778                tra_current_w
                0x20000780                last_tra_w
                0x20000788                is_tra_x_done
                0x2000078c                is_tra_y_done
                0x20000790                is_tra_w_done
                0x20000794                is_tra_sin
                0x20000798                is_counted_up
                0x2000079c                tim2_enable_flag
                0x200007a0                calc_flag
                0x200007a1                is_tra_done_changeflag
                0x200007a2                is_step_move_done
                0x200007a4                time_counter
                0x200007a8                time_counter_prev
                0x200007ac                time_counter_delta
                0x200007b0                pid_current_x
                0x200007b8                pid_error_x
                0x200007c0                pid_proportional_x
                0x200007c8                pid_integral_x
                0x200007d0                pid_derivative_x
                0x200007d8                pid_current_y
                0x200007e0                pid_error_y
                0x200007e8                pid_proportional_y
                0x200007f0                pid_integral_y
                0x200007f8                pid_derivative_y
                0x20000800                pid_current_w
                0x20000808                pid_error_w
                0x20000810                pid_proportional_w
                0x20000818                pid_integral_w
                0x20000820                pid_derivative_w
                0x20000828                L_speed
                0x20000830                R_speed
                0x20000838                F_speed
                0x20000840                B_speed
                0x20000848                kine_local_vx
                0x20000850                kine_local_vy
                0x20000858                kine_local_w
                0x20000860                speed_1_value
                0x20000868                speed_2_value
                0x20000870                speed_3_value
                0x20000878                speed_4_value
                0x20000880                pwm_1_value
                0x20000888                pwm_2_value
                0x20000890                pwm_3_value
                0x20000898                pwm_4_value
                0x200008a0                motor
                0x200008a4                aaa
                0x200008a8                iii1
                0x200008ac                iii2
                0x200008b0                iii3
                0x200008b4                iii4
 *(COMMON)
 COMMON         0x200008b8       0x62 ..\obj\uart_node.o
                0x200008b8                nodey1
                0x200008bc                strategy
                0x200008c0                ballYCoor
                0x200008c1                ballXCoor
                0x200008c2                flagX
                0x200008c3                gameState
                0x200008c4                limitSwitchKiri
                0x200008c8                ballFound
                0x200008c9                flag
                0x200008cc                proxyDepanKanan
                0x200008d0                nodex2
                0x200008d4                compassHeading
                0x200008d8                nodey2
                0x200008dc                robotSelect
                0x200008dd                fragX
                0x200008de                compassDerajat2
                0x200008e0                proxyKiri
                0x200008e4                proxyKanan
                0x200008e8                prevy1
                0x200008ec                prevx1
                0x200008f0                compassDerajat1
                0x200008f1                fragY
                0x200008f2                flagY
                0x200008f4                nodex1
                0x200008f8                acceleroX
                0x200008fc                proxyDepanKiri
                0x20000900                xCoor
                0x20000904                gotoBall
                0x20000908                flagNode
                0x20000909                controlMode
                0x2000090c                proxyBelakang
                0x20000910                bufferNode
                0x20000911                acceleroY
                0x20000912                nomorRobot
                0x20000914                limitSwitchKanan
                0x20000918                yCoor
 *fill*         0x2000091a        0x2 
 COMMON         0x2000091c       0x18 ..\obj\tm_stm32f4_rotary_encoder.o
                0x2000091c                fifthCount
                0x20000920                sixthCount
                0x20000924                fourthCount
                0x20000928                secondCount
                0x2000092c                TM_INT_RE_Count
                0x20000930                thirdCount
 COMMON         0x20000934        0x7 ..\obj\uart_camera.o
                0x20000934                uartRxBuff
                0x2000093a                buffer
 *fill*         0x2000093b        0x5 
 COMMON         0x20000940      0x118 ..\obj\speed_control.o
                0x20000940                tra_speed_input_y
                0x20000948                tra_speed_current_time_y
                0x20000950                tra_speed_count_total_constant_y
                0x20000958                sudut2
                0x20000960                current_w_cmps
                0x20000968                data2
                0x20000980                move_type
                0x20000988                data4
                0x200009a0                xCoor2
                0x200009a4                startHeading
                0x200009a5                prevStartHeading
                0x200009a8                tra_speed_count_total_accel_x
                0x200009b0                tra_speed_input_x
                0x200009b8                tra_speed_current_time_x
                0x200009c0                cosw
                0x200009c8                tra_speed_count_total_accel_y
                0x200009d0                tra_speed_count_total_constant_x
                0x200009d8                yCoor2
                0x200009e0                data
                0x200009f8                data3
                0x20000a10                coorCount
                0x20000a14                sinw
                0x20000a18                tra_speed_current_x
                0x20000a20                data5
                0x20000a38                data6
                0x20000a50                tra_speed_current_y
 COMMON         0x20000a58       0xac ..\obj\localization.o
                0x20000a58                prevErrorBallMaju
                0x20000a5c                counterDelay
                0x20000a60                lcd
                0x20000a70                rpmKanan
                0x20000a74                ballMaju
                0x20000a78                errorBallMaju
                0x20000a7c                mov
                0x20000a80                movCompass
                0x20000a84                temp
                0x20000a88                tengahy
                0x20000a8c                derivErrorBall
                0x20000a90                lebargawang
                0x20000a94                panjanggawang
                0x20000a98                head
                0x20000a9c                headGoal
                0x20000aa0                rpmKiri
                0x20000aa4                errorHead
                0x20000aa8                right_mm
                0x20000aac                errorBall
                0x20000ab0                movPrev
                0x20000ab4                gotoxyFlag
                0x20000ab8                tengahx
                0x20000abc                movX
                0x20000ac0                intErrorHead
                0x20000ac4                left_mm
                0x20000ac8                gotoHead
                0x20000acc                prevErrorBall
                0x20000ad0                derivErrorHead
                0x20000ad4                rotateCount
                0x20000ad8                ball
                0x20000adc                headCount
                0x20000ae0                intErrorBallMaju
                0x20000ae4                prevErrorHead
                0x20000ae8                derivErrorBallMaju
                0x20000aec                strategyCount
                0x20000af0                intErrorBall
                0x20000af4                prevCompass
                0x20000af8                prevGameState
                0x20000afc                movY
                0x20000b00                heading
                0x20000b04                . = ALIGN (0x4)
                0x20000b04                __bss_end__ = .
                0x20000b04                _ebss = __bss_end__

.heap           0x20000b04        0x0
                0x20000b04                __end__ = .
                0x20000b04                _end = __end__
                0x20000b04                end = __end__
 *(.heap*)
                0x20000b04                __HeapLimit = .

.co_stack       0x20000b04      0x804 load address 0x0800a094
                0x20000b08                . = ALIGN (0x8)
 *fill*         0x20000b04        0x4 
 *(.co_stack .co_stack.*)
 .co_stack      0x20000b08      0x800 ..\obj\startup_stm32f4xx.o
                0x20000b08                pulStack
                0x20020000                __StackTop = (ORIGIN (ram) + LENGTH (ram))
                0x2001f7fc                __StackLimit = (__StackTop - SIZEOF (.co_stack))
                [!provide]                PROVIDE (__stack, __StackTop)
                0x00000001                ASSERT ((__StackLimit >= __HeapLimit), region ram  overflowed with stack)
LOAD ..\obj\uart_node.o
LOAD ..\obj\stm32f4xx_syscfg.o
LOAD ..\obj\stm32f4xx_usart.o
LOAD ..\obj\tm_stm32f4_adc.o
LOAD ..\obj\startup_stm32f4xx.o
LOAD ..\obj\pwm_motor.o
LOAD ..\obj\main.o
LOAD ..\obj\stm32f4xx_rcc.o
LOAD ..\obj\tm_stm32f4_hcsr04.o
LOAD ..\obj\stm32f4xx_adc.o
LOAD ..\obj\printf.o
LOAD ..\obj\tm_stm32f4_rotary_encoder.o
LOAD ..\obj\odometry.o
LOAD ..\obj\tm_stm32f4_delay.o
LOAD ..\obj\stm32f4xx_gpio.o
LOAD ..\obj\mekanisme_penendang.o
LOAD ..\obj\lcd_16x2.o
LOAD ..\obj\system_stm32f4xx.o
LOAD ..\obj\syscalls.o
LOAD ..\obj\uart_camera.o
LOAD ..\obj\stm32f4xx_i2c.o
LOAD ..\obj\speed_control.o
LOAD ..\obj\stm32f4xx_exti.o
LOAD ..\obj\misc.o
LOAD ..\obj\tm_stm32f4_gpio.o
LOAD ..\obj\localization.o
LOAD ..\obj\stm32f4xx_tim.o
LOAD c:/program files (x86)/gnu tools arm embedded/6 2017-q2-update/bin/../lib/gcc/arm-none-eabi/6.3.1/../../../../arm-none-eabi/lib/thumb/v7e-m\libm.a
START GROUP
LOAD c:/program files (x86)/gnu tools arm embedded/6 2017-q2-update/bin/../lib/gcc/arm-none-eabi/6.3.1/thumb/v7e-m\libgcc.a
LOAD c:/program files (x86)/gnu tools arm embedded/6 2017-q2-update/bin/../lib/gcc/arm-none-eabi/6.3.1/../../../../arm-none-eabi/lib/thumb/v7e-m\libg.a
LOAD c:/program files (x86)/gnu tools arm embedded/6 2017-q2-update/bin/../lib/gcc/arm-none-eabi/6.3.1/../../../../arm-none-eabi/lib/thumb/v7e-m\libc.a
END GROUP
OUTPUT(encoder.elf elf32-littlearm)

.debug_info     0x00000000     0xf2fa
 .debug_info    0x00000000     0x12e2 ..\obj\uart_node.o
 .debug_info    0x000012e2      0x27f ..\obj\stm32f4xx_syscfg.o
 .debug_info    0x00001561      0x9d1 ..\obj\stm32f4xx_usart.o
 .debug_info    0x00001f32      0x10f ..\obj\startup_stm32f4xx.o
 .debug_info    0x00002041     0x1112 ..\obj\pwm_motor.o
 .debug_info    0x00003153      0xcf6 ..\obj\main.o
 .debug_info    0x00003e49      0xc6e ..\obj\stm32f4xx_rcc.o
 .debug_info    0x00004ab7      0xe67 ..\obj\printf.o
 .debug_info    0x0000591e      0xc02 ..\obj\tm_stm32f4_rotary_encoder.o
 .debug_info    0x00006520      0x7b8 ..\obj\tm_stm32f4_delay.o
 .debug_info    0x00006cd8      0x64a ..\obj\stm32f4xx_gpio.o
 .debug_info    0x00007322      0x3b5 ..\obj\mekanisme_penendang.o
 .debug_info    0x000076d7      0x59e ..\obj\lcd_16x2.o
 .debug_info    0x00007c75      0x5cc ..\obj\system_stm32f4xx.o
 .debug_info    0x00008241      0x879 ..\obj\uart_camera.o
 .debug_info    0x00008aba     0x2497 ..\obj\speed_control.o
 .debug_info    0x0000af51      0x362 ..\obj\stm32f4xx_exti.o
 .debug_info    0x0000b2b3      0x549 ..\obj\misc.o
 .debug_info    0x0000b7fc     0x1e8e ..\obj\localization.o
 .debug_info    0x0000d68a     0x1c70 ..\obj\stm32f4xx_tim.o

.debug_abbrev   0x00000000     0x273c
 .debug_abbrev  0x00000000      0x284 ..\obj\uart_node.o
 .debug_abbrev  0x00000284      0x144 ..\obj\stm32f4xx_syscfg.o
 .debug_abbrev  0x000003c8      0x180 ..\obj\stm32f4xx_usart.o
 .debug_abbrev  0x00000548       0xbf ..\obj\startup_stm32f4xx.o
 .debug_abbrev  0x00000607      0x27d ..\obj\pwm_motor.o
 .debug_abbrev  0x00000884      0x211 ..\obj\main.o
 .debug_abbrev  0x00000a95      0x1f6 ..\obj\stm32f4xx_rcc.o
 .debug_abbrev  0x00000c8b      0x28e ..\obj\printf.o
 .debug_abbrev  0x00000f19      0x1fa ..\obj\tm_stm32f4_rotary_encoder.o
 .debug_abbrev  0x00001113      0x1d8 ..\obj\tm_stm32f4_delay.o
 .debug_abbrev  0x000012eb      0x1e1 ..\obj\stm32f4xx_gpio.o
 .debug_abbrev  0x000014cc      0x167 ..\obj\mekanisme_penendang.o
 .debug_abbrev  0x00001633      0x1e6 ..\obj\lcd_16x2.o
 .debug_abbrev  0x00001819      0x156 ..\obj\system_stm32f4xx.o
 .debug_abbrev  0x0000196f      0x17e ..\obj\uart_camera.o
 .debug_abbrev  0x00001aed      0x38e ..\obj\speed_control.o
 .debug_abbrev  0x00001e7b      0x1ba ..\obj\stm32f4xx_exti.o
 .debug_abbrev  0x00002035      0x170 ..\obj\misc.o
 .debug_abbrev  0x000021a5      0x3ff ..\obj\localization.o
 .debug_abbrev  0x000025a4      0x198 ..\obj\stm32f4xx_tim.o

.debug_aranges  0x00000000      0xd18
 .debug_aranges
                0x00000000       0x40 ..\obj\uart_node.o
 .debug_aranges
                0x00000040       0x48 ..\obj\stm32f4xx_syscfg.o
 .debug_aranges
                0x00000088      0x100 ..\obj\stm32f4xx_usart.o
 .debug_aranges
                0x00000188       0x28 ..\obj\startup_stm32f4xx.o
 .debug_aranges
                0x000001b0       0x40 ..\obj\pwm_motor.o
 .debug_aranges
                0x000001f0       0x20 ..\obj\main.o
 .debug_aranges
                0x00000210      0x178 ..\obj\stm32f4xx_rcc.o
 .debug_aranges
                0x00000388       0xa0 ..\obj\printf.o
 .debug_aranges
                0x00000428       0xd8 ..\obj\tm_stm32f4_rotary_encoder.o
 .debug_aranges
                0x00000500       0x78 ..\obj\tm_stm32f4_delay.o
 .debug_aranges
                0x00000578       0x90 ..\obj\stm32f4xx_gpio.o
 .debug_aranges
                0x00000608       0x68 ..\obj\mekanisme_penendang.o
 .debug_aranges
                0x00000670       0x80 ..\obj\lcd_16x2.o
 .debug_aranges
                0x000006f0       0x30 ..\obj\system_stm32f4xx.o
 .debug_aranges
                0x00000720       0x30 ..\obj\uart_camera.o
 .debug_aranges
                0x00000750      0x128 ..\obj\speed_control.o
 .debug_aranges
                0x00000878       0x58 ..\obj\stm32f4xx_exti.o
 .debug_aranges
                0x000008d0       0x40 ..\obj\misc.o
 .debug_aranges
                0x00000910      0x110 ..\obj\localization.o
 .debug_aranges
                0x00000a20      0x2f8 ..\obj\stm32f4xx_tim.o

.debug_ranges   0x00000000      0xbd8
 .debug_ranges  0x00000000       0x30 ..\obj\uart_node.o
 .debug_ranges  0x00000030       0x38 ..\obj\stm32f4xx_syscfg.o
 .debug_ranges  0x00000068       0xf0 ..\obj\stm32f4xx_usart.o
 .debug_ranges  0x00000158       0x18 ..\obj\startup_stm32f4xx.o
 .debug_ranges  0x00000170       0x30 ..\obj\pwm_motor.o
 .debug_ranges  0x000001a0       0x10 ..\obj\main.o
 .debug_ranges  0x000001b0      0x168 ..\obj\stm32f4xx_rcc.o
 .debug_ranges  0x00000318       0x90 ..\obj\printf.o
 .debug_ranges  0x000003a8       0xc8 ..\obj\tm_stm32f4_rotary_encoder.o
 .debug_ranges  0x00000470       0x68 ..\obj\tm_stm32f4_delay.o
 .debug_ranges  0x000004d8       0x80 ..\obj\stm32f4xx_gpio.o
 .debug_ranges  0x00000558       0x58 ..\obj\mekanisme_penendang.o
 .debug_ranges  0x000005b0       0x70 ..\obj\lcd_16x2.o
 .debug_ranges  0x00000620       0x20 ..\obj\system_stm32f4xx.o
 .debug_ranges  0x00000640       0x20 ..\obj\uart_camera.o
 .debug_ranges  0x00000660      0x118 ..\obj\speed_control.o
 .debug_ranges  0x00000778       0x48 ..\obj\stm32f4xx_exti.o
 .debug_ranges  0x000007c0       0x30 ..\obj\misc.o
 .debug_ranges  0x000007f0      0x100 ..\obj\localization.o
 .debug_ranges  0x000008f0      0x2e8 ..\obj\stm32f4xx_tim.o

.debug_line     0x00000000     0x61b0
 .debug_line    0x00000000      0x4af ..\obj\uart_node.o
 .debug_line    0x000004af      0x292 ..\obj\stm32f4xx_syscfg.o
 .debug_line    0x00000741      0x557 ..\obj\stm32f4xx_usart.o
 .debug_line    0x00000c98       0xb9 ..\obj\startup_stm32f4xx.o
 .debug_line    0x00000d51      0x488 ..\obj\pwm_motor.o
 .debug_line    0x000011d9      0x3b7 ..\obj\main.o
 .debug_line    0x00001590      0x643 ..\obj\stm32f4xx_rcc.o
 .debug_line    0x00001bd3      0x39f ..\obj\printf.o
 .debug_line    0x00001f72      0x578 ..\obj\tm_stm32f4_rotary_encoder.o
 .debug_line    0x000024ea      0x3a5 ..\obj\tm_stm32f4_delay.o
 .debug_line    0x0000288f      0x412 ..\obj\stm32f4xx_gpio.o
 .debug_line    0x00002ca1      0x380 ..\obj\mekanisme_penendang.o
 .debug_line    0x00003021      0x4b8 ..\obj\lcd_16x2.o
 .debug_line    0x000034d9      0x291 ..\obj\system_stm32f4xx.o
 .debug_line    0x0000376a      0x328 ..\obj\uart_camera.o
 .debug_line    0x00003a92      0x981 ..\obj\speed_control.o
 .debug_line    0x00004413      0x33f ..\obj\stm32f4xx_exti.o
 .debug_line    0x00004752      0x2dc ..\obj\misc.o
 .debug_line    0x00004a2e      0xc23 ..\obj\localization.o
 .debug_line    0x00005651      0xb5f ..\obj\stm32f4xx_tim.o

.debug_str      0x00000000     0x4a74
 .debug_str     0x00000000     0x107d ..\obj\uart_node.o
                               0x112c (size before relaxing)
 .debug_str     0x0000107d      0x18d ..\obj\stm32f4xx_syscfg.o
                                0x31b (size before relaxing)
 .debug_str     0x0000120a      0x421 ..\obj\stm32f4xx_usart.o
                                0x6b6 (size before relaxing)
 .debug_str     0x0000162b       0xd9 ..\obj\startup_stm32f4xx.o
                                0x170 (size before relaxing)
 .debug_str     0x00001704      0x259 ..\obj\pwm_motor.o
                                0xc15 (size before relaxing)
 .debug_str     0x0000195d       0xef ..\obj\main.o
                                0x8dc (size before relaxing)
 .debug_str     0x00001a4c      0x5fa ..\obj\stm32f4xx_rcc.o
                                0x877 (size before relaxing)
 .debug_str     0x00002046      0x12a ..\obj\printf.o
                                0x6b5 (size before relaxing)
 .debug_str     0x00002170      0x3c2 ..\obj\tm_stm32f4_rotary_encoder.o
                                0xc6d (size before relaxing)
 .debug_str     0x00002532      0x1e5 ..\obj\tm_stm32f4_delay.o
                                0x8ab (size before relaxing)
 .debug_str     0x00002717      0x1a4 ..\obj\stm32f4xx_gpio.o
                                0x4ca (size before relaxing)
 .debug_str     0x000028bb       0xe9 ..\obj\mekanisme_penendang.o
                                0x41b (size before relaxing)
 .debug_str     0x000029a4      0x1e8 ..\obj\lcd_16x2.o
                                0x527 (size before relaxing)
 .debug_str     0x00002b8c       0xc0 ..\obj\system_stm32f4xx.o
                                0x3b6 (size before relaxing)
 .debug_str     0x00002c4c       0xa7 ..\obj\uart_camera.o
                                0xb11 (size before relaxing)
 .debug_str     0x00002cf3      0xc26 ..\obj\speed_control.o
                               0x1c97 (size before relaxing)
 .debug_str     0x00003919      0x114 ..\obj\stm32f4xx_exti.o
                                0x380 (size before relaxing)
 .debug_str     0x00003a2d      0x11a ..\obj\misc.o
                                0x3f5 (size before relaxing)
 .debug_str     0x00003b47      0x518 ..\obj\localization.o
                               0x164c (size before relaxing)
 .debug_str     0x0000405f      0xa15 ..\obj\stm32f4xx_tim.o
                                0xdf7 (size before relaxing)

.comment        0x00000000       0x7f
 .comment       0x00000000       0x7f ..\obj\uart_node.o
                                 0x80 (size before relaxing)
 .comment       0x0000007f       0x80 ..\obj\stm32f4xx_syscfg.o
 .comment       0x0000007f       0x80 ..\obj\stm32f4xx_usart.o
 .comment       0x0000007f       0x80 ..\obj\startup_stm32f4xx.o
 .comment       0x0000007f       0x80 ..\obj\pwm_motor.o
 .comment       0x0000007f       0x80 ..\obj\main.o
 .comment       0x0000007f       0x80 ..\obj\stm32f4xx_rcc.o
 .comment       0x0000007f       0x80 ..\obj\printf.o
 .comment       0x0000007f       0x80 ..\obj\tm_stm32f4_rotary_encoder.o
 .comment       0x0000007f       0x80 ..\obj\tm_stm32f4_delay.o
 .comment       0x0000007f       0x80 ..\obj\stm32f4xx_gpio.o
 .comment       0x0000007f       0x80 ..\obj\mekanisme_penendang.o
 .comment       0x0000007f       0x80 ..\obj\lcd_16x2.o
 .comment       0x0000007f       0x80 ..\obj\system_stm32f4xx.o
 .comment       0x0000007f       0x80 ..\obj\uart_camera.o
 .comment       0x0000007f       0x80 ..\obj\speed_control.o
 .comment       0x0000007f       0x80 ..\obj\stm32f4xx_exti.o
 .comment       0x0000007f       0x80 ..\obj\misc.o
 .comment       0x0000007f       0x80 ..\obj\localization.o
 .comment       0x0000007f       0x80 ..\obj\stm32f4xx_tim.o

.ARM.attributes
                0x00000000       0x33
 .ARM.attributes
                0x00000000       0x33 ..\obj\uart_node.o
 .ARM.attributes
                0x00000033       0x33 ..\obj\stm32f4xx_syscfg.o
 .ARM.attributes
                0x00000066       0x33 ..\obj\stm32f4xx_usart.o
 .ARM.attributes
                0x00000099       0x33 ..\obj\startup_stm32f4xx.o
 .ARM.attributes
                0x000000cc       0x33 ..\obj\pwm_motor.o
 .ARM.attributes
                0x000000ff       0x33 ..\obj\main.o
 .ARM.attributes
                0x00000132       0x33 ..\obj\stm32f4xx_rcc.o
 .ARM.attributes
                0x00000165       0x33 ..\obj\printf.o
 .ARM.attributes
                0x00000198       0x33 ..\obj\tm_stm32f4_rotary_encoder.o
 .ARM.attributes
                0x000001cb       0x33 ..\obj\tm_stm32f4_delay.o
 .ARM.attributes
                0x000001fe       0x33 ..\obj\stm32f4xx_gpio.o
 .ARM.attributes
                0x00000231       0x33 ..\obj\mekanisme_penendang.o
 .ARM.attributes
                0x00000264       0x33 ..\obj\lcd_16x2.o
 .ARM.attributes
                0x00000297       0x33 ..\obj\system_stm32f4xx.o
 .ARM.attributes
                0x000002ca       0x33 ..\obj\uart_camera.o
 .ARM.attributes
                0x000002fd       0x33 ..\obj\speed_control.o
 .ARM.attributes
                0x00000330       0x33 ..\obj\stm32f4xx_exti.o
 .ARM.attributes
                0x00000363       0x33 ..\obj\misc.o
 .ARM.attributes
                0x00000396       0x33 ..\obj\localization.o
 .ARM.attributes
                0x000003c9       0x33 ..\obj\stm32f4xx_tim.o
 .ARM.attributes
                0x000003fc       0x2e c:/program files (x86)/gnu tools arm embedded/6 2017-q2-update/bin/../lib/gcc/arm-none-eabi/6.3.1/../../../../arm-none-eabi/lib/thumb/v7e-m\libm.a(lib_a-s_cos.o)
 .ARM.attributes
                0x0000042a       0x2e c:/program files (x86)/gnu tools arm embedded/6 2017-q2-update/bin/../lib/gcc/arm-none-eabi/6.3.1/../../../../arm-none-eabi/lib/thumb/v7e-m\libm.a(lib_a-s_sin.o)
 .ARM.attributes
                0x00000458       0x2e c:/program files (x86)/gnu tools arm embedded/6 2017-q2-update/bin/../lib/gcc/arm-none-eabi/6.3.1/../../../../arm-none-eabi/lib/thumb/v7e-m\libm.a(lib_a-w_atan2.o)
 .ARM.attributes
                0x00000486       0x2e c:/program files (x86)/gnu tools arm embedded/6 2017-q2-update/bin/../lib/gcc/arm-none-eabi/6.3.1/../../../../arm-none-eabi/lib/thumb/v7e-m\libm.a(lib_a-w_pow.o)
 .ARM.attributes
                0x000004b4       0x2e c:/program files (x86)/gnu tools arm embedded/6 2017-q2-update/bin/../lib/gcc/arm-none-eabi/6.3.1/../../../../arm-none-eabi/lib/thumb/v7e-m\libm.a(lib_a-e_atan2.o)
 .ARM.attributes
                0x000004e2       0x2e c:/program files (x86)/gnu tools arm embedded/6 2017-q2-update/bin/../lib/gcc/arm-none-eabi/6.3.1/../../../../arm-none-eabi/lib/thumb/v7e-m\libm.a(lib_a-e_pow.o)
 .ARM.attributes
                0x00000510       0x2e c:/program files (x86)/gnu tools arm embedded/6 2017-q2-update/bin/../lib/gcc/arm-none-eabi/6.3.1/../../../../arm-none-eabi/lib/thumb/v7e-m\libm.a(lib_a-e_rem_pio2.o)
 .ARM.attributes
                0x0000053e       0x2e c:/program files (x86)/gnu tools arm embedded/6 2017-q2-update/bin/../lib/gcc/arm-none-eabi/6.3.1/../../../../arm-none-eabi/lib/thumb/v7e-m\libm.a(lib_a-e_sqrt.o)
 .ARM.attributes
                0x0000056c       0x2e c:/program files (x86)/gnu tools arm embedded/6 2017-q2-update/bin/../lib/gcc/arm-none-eabi/6.3.1/../../../../arm-none-eabi/lib/thumb/v7e-m\libm.a(lib_a-k_cos.o)
 .ARM.attributes
                0x0000059a       0x2e c:/program files (x86)/gnu tools arm embedded/6 2017-q2-update/bin/../lib/gcc/arm-none-eabi/6.3.1/../../../../arm-none-eabi/lib/thumb/v7e-m\libm.a(lib_a-k_rem_pio2.o)
 .ARM.attributes
                0x000005c8       0x2e c:/program files (x86)/gnu tools arm embedded/6 2017-q2-update/bin/../lib/gcc/arm-none-eabi/6.3.1/../../../../arm-none-eabi/lib/thumb/v7e-m\libm.a(lib_a-k_sin.o)
 .ARM.attributes
                0x000005f6       0x2e c:/program files (x86)/gnu tools arm embedded/6 2017-q2-update/bin/../lib/gcc/arm-none-eabi/6.3.1/../../../../arm-none-eabi/lib/thumb/v7e-m\libm.a(lib_a-s_atan.o)
 .ARM.attributes
                0x00000624       0x2e c:/program files (x86)/gnu tools arm embedded/6 2017-q2-update/bin/../lib/gcc/arm-none-eabi/6.3.1/../../../../arm-none-eabi/lib/thumb/v7e-m\libm.a(lib_a-s_fabs.o)
 .ARM.attributes
                0x00000652       0x2e c:/program files (x86)/gnu tools arm embedded/6 2017-q2-update/bin/../lib/gcc/arm-none-eabi/6.3.1/../../../../arm-none-eabi/lib/thumb/v7e-m\libm.a(lib_a-s_finite.o)
 .ARM.attributes
                0x00000680       0x2e c:/program files (x86)/gnu tools arm embedded/6 2017-q2-update/bin/../lib/gcc/arm-none-eabi/6.3.1/../../../../arm-none-eabi/lib/thumb/v7e-m\libm.a(lib_a-s_floor.o)
 .ARM.attributes
                0x000006ae       0x2e c:/program files (x86)/gnu tools arm embedded/6 2017-q2-update/bin/../lib/gcc/arm-none-eabi/6.3.1/../../../../arm-none-eabi/lib/thumb/v7e-m\libm.a(lib_a-s_lib_ver.o)
 .ARM.attributes
                0x000006dc       0x2e c:/program files (x86)/gnu tools arm embedded/6 2017-q2-update/bin/../lib/gcc/arm-none-eabi/6.3.1/../../../../arm-none-eabi/lib/thumb/v7e-m\libm.a(lib_a-s_matherr.o)
 .ARM.attributes
                0x0000070a       0x2e c:/program files (x86)/gnu tools arm embedded/6 2017-q2-update/bin/../lib/gcc/arm-none-eabi/6.3.1/../../../../arm-none-eabi/lib/thumb/v7e-m\libm.a(lib_a-s_nan.o)
 .ARM.attributes
                0x00000738       0x2e c:/program files (x86)/gnu tools arm embedded/6 2017-q2-update/bin/../lib/gcc/arm-none-eabi/6.3.1/../../../../arm-none-eabi/lib/thumb/v7e-m\libm.a(lib_a-s_rint.o)
 .ARM.attributes
                0x00000766       0x2e c:/program files (x86)/gnu tools arm embedded/6 2017-q2-update/bin/../lib/gcc/arm-none-eabi/6.3.1/../../../../arm-none-eabi/lib/thumb/v7e-m\libm.a(lib_a-s_scalbn.o)
 .ARM.attributes
                0x00000794       0x2e c:/program files (x86)/gnu tools arm embedded/6 2017-q2-update/bin/../lib/gcc/arm-none-eabi/6.3.1/../../../../arm-none-eabi/lib/thumb/v7e-m\libm.a(lib_a-s_copysign.o)
 .ARM.attributes
                0x000007c2       0x1e c:/program files (x86)/gnu tools arm embedded/6 2017-q2-update/bin/../lib/gcc/arm-none-eabi/6.3.1/thumb/v7e-m\libgcc.a(_arm_addsubdf3.o)
 .ARM.attributes
                0x000007e0       0x1e c:/program files (x86)/gnu tools arm embedded/6 2017-q2-update/bin/../lib/gcc/arm-none-eabi/6.3.1/thumb/v7e-m\libgcc.a(_arm_muldivdf3.o)
 .ARM.attributes
                0x000007fe       0x1e c:/program files (x86)/gnu tools arm embedded/6 2017-q2-update/bin/../lib/gcc/arm-none-eabi/6.3.1/thumb/v7e-m\libgcc.a(_arm_cmpdf2.o)
 .ARM.attributes
                0x0000081c       0x1e c:/program files (x86)/gnu tools arm embedded/6 2017-q2-update/bin/../lib/gcc/arm-none-eabi/6.3.1/thumb/v7e-m\libgcc.a(_arm_unorddf2.o)
 .ARM.attributes
                0x0000083a       0x1e c:/program files (x86)/gnu tools arm embedded/6 2017-q2-update/bin/../lib/gcc/arm-none-eabi/6.3.1/thumb/v7e-m\libgcc.a(_arm_fixdfsi.o)
 .ARM.attributes
                0x00000858       0x1e c:/program files (x86)/gnu tools arm embedded/6 2017-q2-update/bin/../lib/gcc/arm-none-eabi/6.3.1/thumb/v7e-m\libgcc.a(_arm_fixunsdfsi.o)
 .ARM.attributes
                0x00000876       0x1e c:/program files (x86)/gnu tools arm embedded/6 2017-q2-update/bin/../lib/gcc/arm-none-eabi/6.3.1/thumb/v7e-m\libgcc.a(_arm_addsubsf3.o)
 .ARM.attributes
                0x00000894       0x1e c:/program files (x86)/gnu tools arm embedded/6 2017-q2-update/bin/../lib/gcc/arm-none-eabi/6.3.1/thumb/v7e-m\libgcc.a(_arm_muldivsf3.o)
 .ARM.attributes
                0x000008b2       0x1e c:/program files (x86)/gnu tools arm embedded/6 2017-q2-update/bin/../lib/gcc/arm-none-eabi/6.3.1/thumb/v7e-m\libgcc.a(_arm_cmpsf2.o)
 .ARM.attributes
                0x000008d0       0x2e c:/program files (x86)/gnu tools arm embedded/6 2017-q2-update/bin/../lib/gcc/arm-none-eabi/6.3.1/../../../../arm-none-eabi/lib/thumb/v7e-m\libg.a(lib_a-errno.o)

.debug_frame    0x00000000     0x3e64
 .debug_frame   0x00000000       0xa8 ..\obj\uart_node.o
 .debug_frame   0x000000a8       0xf4 ..\obj\stm32f4xx_syscfg.o
 .debug_frame   0x0000019c      0x490 ..\obj\stm32f4xx_usart.o
 .debug_frame   0x0000062c       0x4c ..\obj\startup_stm32f4xx.o
 .debug_frame   0x00000678       0xc8 ..\obj\pwm_motor.o
 .debug_frame   0x00000740       0x30 ..\obj\main.o
 .debug_frame   0x00000770      0x6d4 ..\obj\stm32f4xx_rcc.o
 .debug_frame   0x00000e44      0x2dc ..\obj\printf.o
 .debug_frame   0x00001120      0x370 ..\obj\tm_stm32f4_rotary_encoder.o
 .debug_frame   0x00001490      0x1b8 ..\obj\tm_stm32f4_delay.o
 .debug_frame   0x00001648      0x264 ..\obj\stm32f4xx_gpio.o
 .debug_frame   0x000018ac      0x140 ..\obj\mekanisme_penendang.o
 .debug_frame   0x000019ec      0x1d0 ..\obj\lcd_16x2.o
 .debug_frame   0x00001bbc       0x7c ..\obj\system_stm32f4xx.o
 .debug_frame   0x00001c38       0x74 ..\obj\uart_camera.o
 .debug_frame   0x00001cac      0x514 ..\obj\speed_control.o
 .debug_frame   0x000021c0      0x148 ..\obj\stm32f4xx_exti.o
 .debug_frame   0x00002308       0xd8 ..\obj\misc.o
 .debug_frame   0x000023e0      0x440 ..\obj\localization.o
 .debug_frame   0x00002820      0xe54 ..\obj\stm32f4xx_tim.o
 .debug_frame   0x00003674       0x38 c:/program files (x86)/gnu tools arm embedded/6 2017-q2-update/bin/../lib/gcc/arm-none-eabi/6.3.1/../../../../arm-none-eabi/lib/thumb/v7e-m\libm.a(lib_a-s_cos.o)
 .debug_frame   0x000036ac       0x38 c:/program files (x86)/gnu tools arm embedded/6 2017-q2-update/bin/../lib/gcc/arm-none-eabi/6.3.1/../../../../arm-none-eabi/lib/thumb/v7e-m\libm.a(lib_a-s_sin.o)
 .debug_frame   0x000036e4       0x20 c:/program files (x86)/gnu tools arm embedded/6 2017-q2-update/bin/../lib/gcc/arm-none-eabi/6.3.1/../../../../arm-none-eabi/lib/thumb/v7e-m\libm.a(lib_a-w_atan2.o)
 .debug_frame   0x00003704       0x48 c:/program files (x86)/gnu tools arm embedded/6 2017-q2-update/bin/../lib/gcc/arm-none-eabi/6.3.1/../../../../arm-none-eabi/lib/thumb/v7e-m\libm.a(lib_a-w_pow.o)
 .debug_frame   0x0000374c       0x48 c:/program files (x86)/gnu tools arm embedded/6 2017-q2-update/bin/../lib/gcc/arm-none-eabi/6.3.1/../../../../arm-none-eabi/lib/thumb/v7e-m\libm.a(lib_a-e_atan2.o)
 .debug_frame   0x00003794       0x64 c:/program files (x86)/gnu tools arm embedded/6 2017-q2-update/bin/../lib/gcc/arm-none-eabi/6.3.1/../../../../arm-none-eabi/lib/thumb/v7e-m\libm.a(lib_a-e_pow.o)
 .debug_frame   0x000037f8       0x48 c:/program files (x86)/gnu tools arm embedded/6 2017-q2-update/bin/../lib/gcc/arm-none-eabi/6.3.1/../../../../arm-none-eabi/lib/thumb/v7e-m\libm.a(lib_a-e_rem_pio2.o)
 .debug_frame   0x00003840       0x34 c:/program files (x86)/gnu tools arm embedded/6 2017-q2-update/bin/../lib/gcc/arm-none-eabi/6.3.1/../../../../arm-none-eabi/lib/thumb/v7e-m\libm.a(lib_a-e_sqrt.o)
 .debug_frame   0x00003874       0x4c c:/program files (x86)/gnu tools arm embedded/6 2017-q2-update/bin/../lib/gcc/arm-none-eabi/6.3.1/../../../../arm-none-eabi/lib/thumb/v7e-m\libm.a(lib_a-k_cos.o)
 .debug_frame   0x000038c0       0x50 c:/program files (x86)/gnu tools arm embedded/6 2017-q2-update/bin/../lib/gcc/arm-none-eabi/6.3.1/../../../../arm-none-eabi/lib/thumb/v7e-m\libm.a(lib_a-k_rem_pio2.o)
 .debug_frame   0x00003910       0x48 c:/program files (x86)/gnu tools arm embedded/6 2017-q2-update/bin/../lib/gcc/arm-none-eabi/6.3.1/../../../../arm-none-eabi/lib/thumb/v7e-m\libm.a(lib_a-k_sin.o)
 .debug_frame   0x00003958       0x38 c:/program files (x86)/gnu tools arm embedded/6 2017-q2-update/bin/../lib/gcc/arm-none-eabi/6.3.1/../../../../arm-none-eabi/lib/thumb/v7e-m\libm.a(lib_a-s_atan.o)
 .debug_frame   0x00003990       0x20 c:/program files (x86)/gnu tools arm embedded/6 2017-q2-update/bin/../lib/gcc/arm-none-eabi/6.3.1/../../../../arm-none-eabi/lib/thumb/v7e-m\libm.a(lib_a-s_fabs.o)
 .debug_frame   0x000039b0       0x20 c:/program files (x86)/gnu tools arm embedded/6 2017-q2-update/bin/../lib/gcc/arm-none-eabi/6.3.1/../../../../arm-none-eabi/lib/thumb/v7e-m\libm.a(lib_a-s_finite.o)
 .debug_frame   0x000039d0       0x34 c:/program files (x86)/gnu tools arm embedded/6 2017-q2-update/bin/../lib/gcc/arm-none-eabi/6.3.1/../../../../arm-none-eabi/lib/thumb/v7e-m\libm.a(lib_a-s_floor.o)
 .debug_frame   0x00003a04       0x20 c:/program files (x86)/gnu tools arm embedded/6 2017-q2-update/bin/../lib/gcc/arm-none-eabi/6.3.1/../../../../arm-none-eabi/lib/thumb/v7e-m\libm.a(lib_a-s_matherr.o)
 .debug_frame   0x00003a24       0x20 c:/program files (x86)/gnu tools arm embedded/6 2017-q2-update/bin/../lib/gcc/arm-none-eabi/6.3.1/../../../../arm-none-eabi/lib/thumb/v7e-m\libm.a(lib_a-s_nan.o)
 .debug_frame   0x00003a44       0x3c c:/program files (x86)/gnu tools arm embedded/6 2017-q2-update/bin/../lib/gcc/arm-none-eabi/6.3.1/../../../../arm-none-eabi/lib/thumb/v7e-m\libm.a(lib_a-s_rint.o)
 .debug_frame   0x00003a80       0x30 c:/program files (x86)/gnu tools arm embedded/6 2017-q2-update/bin/../lib/gcc/arm-none-eabi/6.3.1/../../../../arm-none-eabi/lib/thumb/v7e-m\libm.a(lib_a-s_scalbn.o)
 .debug_frame   0x00003ab0       0x20 c:/program files (x86)/gnu tools arm embedded/6 2017-q2-update/bin/../lib/gcc/arm-none-eabi/6.3.1/../../../../arm-none-eabi/lib/thumb/v7e-m\libm.a(lib_a-s_copysign.o)
 .debug_frame   0x00003ad0       0xac c:/program files (x86)/gnu tools arm embedded/6 2017-q2-update/bin/../lib/gcc/arm-none-eabi/6.3.1/thumb/v7e-m\libgcc.a(_arm_addsubdf3.o)
 .debug_frame   0x00003b7c       0x50 c:/program files (x86)/gnu tools arm embedded/6 2017-q2-update/bin/../lib/gcc/arm-none-eabi/6.3.1/thumb/v7e-m\libgcc.a(_arm_muldivdf3.o)
 .debug_frame   0x00003bcc       0xc4 c:/program files (x86)/gnu tools arm embedded/6 2017-q2-update/bin/../lib/gcc/arm-none-eabi/6.3.1/thumb/v7e-m\libgcc.a(_arm_cmpdf2.o)
 .debug_frame   0x00003c90       0x20 c:/program files (x86)/gnu tools arm embedded/6 2017-q2-update/bin/../lib/gcc/arm-none-eabi/6.3.1/thumb/v7e-m\libgcc.a(_arm_unorddf2.o)
 .debug_frame   0x00003cb0       0x24 c:/program files (x86)/gnu tools arm embedded/6 2017-q2-update/bin/../lib/gcc/arm-none-eabi/6.3.1/thumb/v7e-m\libgcc.a(_arm_fixdfsi.o)
 .debug_frame   0x00003cd4       0x24 c:/program files (x86)/gnu tools arm embedded/6 2017-q2-update/bin/../lib/gcc/arm-none-eabi/6.3.1/thumb/v7e-m\libgcc.a(_arm_fixunsdfsi.o)
 .debug_frame   0x00003cf8       0x4c c:/program files (x86)/gnu tools arm embedded/6 2017-q2-update/bin/../lib/gcc/arm-none-eabi/6.3.1/thumb/v7e-m\libgcc.a(_arm_addsubsf3.o)
 .debug_frame   0x00003d44       0x38 c:/program files (x86)/gnu tools arm embedded/6 2017-q2-update/bin/../lib/gcc/arm-none-eabi/6.3.1/thumb/v7e-m\libgcc.a(_arm_muldivsf3.o)
 .debug_frame   0x00003d7c       0xc8 c:/program files (x86)/gnu tools arm embedded/6 2017-q2-update/bin/../lib/gcc/arm-none-eabi/6.3.1/thumb/v7e-m\libgcc.a(_arm_cmpsf2.o)
 .debug_frame   0x00003e44       0x20 c:/program files (x86)/gnu tools arm embedded/6 2017-q2-update/bin/../lib/gcc/arm-none-eabi/6.3.1/../../../../arm-none-eabi/lib/thumb/v7e-m\libg.a(lib_a-errno.o)
