Archive member included to satisfy reference by file (symbol)

c:/program files (x86)/gnu tools arm embedded/6 2017-q2-update/bin/../lib/gcc/arm-none-eabi/6.3.1/../../../../arm-none-eabi/lib/thumb/v7e-m\libm.a(lib_a-s_atan.o)
                              ..\obj\localization.o (atan)
c:/program files (x86)/gnu tools arm embedded/6 2017-q2-update/bin/../lib/gcc/arm-none-eabi/6.3.1/../../../../arm-none-eabi/lib/thumb/v7e-m\libm.a(lib_a-s_cos.o)
                              ..\obj\odometry.o (cos)
c:/program files (x86)/gnu tools arm embedded/6 2017-q2-update/bin/../lib/gcc/arm-none-eabi/6.3.1/../../../../arm-none-eabi/lib/thumb/v7e-m\libm.a(lib_a-s_fabs.o)
                              c:/program files (x86)/gnu tools arm embedded/6 2017-q2-update/bin/../lib/gcc/arm-none-eabi/6.3.1/../../../../arm-none-eabi/lib/thumb/v7e-m\libm.a(lib_a-s_atan.o) (fabs)
c:/program files (x86)/gnu tools arm embedded/6 2017-q2-update/bin/../lib/gcc/arm-none-eabi/6.3.1/../../../../arm-none-eabi/lib/thumb/v7e-m\libm.a(lib_a-s_sin.o)
                              ..\obj\odometry.o (sin)
c:/program files (x86)/gnu tools arm embedded/6 2017-q2-update/bin/../lib/gcc/arm-none-eabi/6.3.1/../../../../arm-none-eabi/lib/thumb/v7e-m\libm.a(lib_a-e_rem_pio2.o)
                              c:/program files (x86)/gnu tools arm embedded/6 2017-q2-update/bin/../lib/gcc/arm-none-eabi/6.3.1/../../../../arm-none-eabi/lib/thumb/v7e-m\libm.a(lib_a-s_cos.o) (__ieee754_rem_pio2)
c:/program files (x86)/gnu tools arm embedded/6 2017-q2-update/bin/../lib/gcc/arm-none-eabi/6.3.1/../../../../arm-none-eabi/lib/thumb/v7e-m\libm.a(lib_a-k_cos.o)
                              c:/program files (x86)/gnu tools arm embedded/6 2017-q2-update/bin/../lib/gcc/arm-none-eabi/6.3.1/../../../../arm-none-eabi/lib/thumb/v7e-m\libm.a(lib_a-s_cos.o) (__kernel_cos)
c:/program files (x86)/gnu tools arm embedded/6 2017-q2-update/bin/../lib/gcc/arm-none-eabi/6.3.1/../../../../arm-none-eabi/lib/thumb/v7e-m\libm.a(lib_a-k_rem_pio2.o)
                              c:/program files (x86)/gnu tools arm embedded/6 2017-q2-update/bin/../lib/gcc/arm-none-eabi/6.3.1/../../../../arm-none-eabi/lib/thumb/v7e-m\libm.a(lib_a-e_rem_pio2.o) (__kernel_rem_pio2)
c:/program files (x86)/gnu tools arm embedded/6 2017-q2-update/bin/../lib/gcc/arm-none-eabi/6.3.1/../../../../arm-none-eabi/lib/thumb/v7e-m\libm.a(lib_a-k_sin.o)
                              c:/program files (x86)/gnu tools arm embedded/6 2017-q2-update/bin/../lib/gcc/arm-none-eabi/6.3.1/../../../../arm-none-eabi/lib/thumb/v7e-m\libm.a(lib_a-s_cos.o) (__kernel_sin)
c:/program files (x86)/gnu tools arm embedded/6 2017-q2-update/bin/../lib/gcc/arm-none-eabi/6.3.1/../../../../arm-none-eabi/lib/thumb/v7e-m\libm.a(lib_a-s_floor.o)
                              c:/program files (x86)/gnu tools arm embedded/6 2017-q2-update/bin/../lib/gcc/arm-none-eabi/6.3.1/../../../../arm-none-eabi/lib/thumb/v7e-m\libm.a(lib_a-k_rem_pio2.o) (floor)
c:/program files (x86)/gnu tools arm embedded/6 2017-q2-update/bin/../lib/gcc/arm-none-eabi/6.3.1/../../../../arm-none-eabi/lib/thumb/v7e-m\libm.a(lib_a-s_scalbn.o)
                              c:/program files (x86)/gnu tools arm embedded/6 2017-q2-update/bin/../lib/gcc/arm-none-eabi/6.3.1/../../../../arm-none-eabi/lib/thumb/v7e-m\libm.a(lib_a-k_rem_pio2.o) (scalbn)
c:/program files (x86)/gnu tools arm embedded/6 2017-q2-update/bin/../lib/gcc/arm-none-eabi/6.3.1/../../../../arm-none-eabi/lib/thumb/v7e-m\libm.a(lib_a-s_copysign.o)
                              c:/program files (x86)/gnu tools arm embedded/6 2017-q2-update/bin/../lib/gcc/arm-none-eabi/6.3.1/../../../../arm-none-eabi/lib/thumb/v7e-m\libm.a(lib_a-s_scalbn.o) (copysign)
c:/program files (x86)/gnu tools arm embedded/6 2017-q2-update/bin/../lib/gcc/arm-none-eabi/6.3.1/thumb/v7e-m\libgcc.a(_arm_addsubdf3.o)
                              ..\obj\odometry.o (__aeabi_dsub)
c:/program files (x86)/gnu tools arm embedded/6 2017-q2-update/bin/../lib/gcc/arm-none-eabi/6.3.1/thumb/v7e-m\libgcc.a(_arm_muldivdf3.o)
                              ..\obj\odometry.o (__aeabi_dmul)
c:/program files (x86)/gnu tools arm embedded/6 2017-q2-update/bin/../lib/gcc/arm-none-eabi/6.3.1/thumb/v7e-m\libgcc.a(_arm_cmpdf2.o)
                              ..\obj\localization.o (__aeabi_dcmpeq)
c:/program files (x86)/gnu tools arm embedded/6 2017-q2-update/bin/../lib/gcc/arm-none-eabi/6.3.1/thumb/v7e-m\libgcc.a(_arm_fixdfsi.o)
                              ..\obj\odometry.o (__aeabi_d2iz)
c:/program files (x86)/gnu tools arm embedded/6 2017-q2-update/bin/../lib/gcc/arm-none-eabi/6.3.1/thumb/v7e-m\libgcc.a(_arm_truncdfsf2.o)
                              ..\obj\odometry.o (__aeabi_d2f)
c:/program files (x86)/gnu tools arm embedded/6 2017-q2-update/bin/../lib/gcc/arm-none-eabi/6.3.1/thumb/v7e-m\libgcc.a(_arm_addsubsf3.o)
                              ..\obj\odometry.o (__aeabi_fsub)
[...]
Memory Configuration

Name             Origin             Length             Attributes
rom              0x08000000         0x00100000         xr
ram              0x20000000         0x00020000         xrw
ram1             0x10000000         0x00010000         xrw
*default*        0x00000000         0xffffffff

Linker script and memory map

                0x20020000                _eram = 0x20020000

.text           0x08000000     0x7738
 *(.isr_vector)
 .isr_vector    0x08000000      0x188 ..\obj\startup_stm32f4xx.o
                0x08000000                g_pfnVectors
 *(.text*)
 .text.USART2_IRQHandler
                0x08000188      0x150 ..\obj\uart_node.o
                0x08000188                USART2_IRQHandler
 .text.SYSCFG_EXTILineConfig
                0x080002d8       0x84 ..\obj\stm32f4xx_syscfg.o
                0x080002d8                SYSCFG_EXTILineConfig
 .text.USART_Init
                0x0800035c      0x174 ..\obj\stm32f4xx_usart.o
                0x0800035c                USART_Init
 .text.USART_Cmd
                0x080004d0       0x3e ..\obj\stm32f4xx_usart.o
                0x080004d0                USART_Cmd
 .text.USART_ReceiveData
                0x0800050e       0x1e ..\obj\stm32f4xx_usart.o
                0x0800050e                USART_ReceiveData
 .text.USART_ITConfig
                0x0800052c       0x8e ..\obj\stm32f4xx_usart.o
                0x0800052c                USART_ITConfig
 .text.USART_GetITStatus
                0x080005ba       0xb4 ..\obj\stm32f4xx_usart.o
                0x080005ba                USART_GetITStatus
 .text.TM_ADC_Init
                0x0800066e       0xfc ..\obj\tm_stm32f4_adc.o
                0x0800066e                TM_ADC_Init
 *fill*         0x0800076a        0x2 
 .text.TM_ADC_InitADC
                0x0800076c       0xbc ..\obj\tm_stm32f4_adc.o
                0x0800076c                TM_ADC_InitADC
 .text.TM_ADC_Read
                0x08000828       0x54 ..\obj\tm_stm32f4_adc.o
                0x08000828                TM_ADC_Read
 .text.TM_ADC_INT_Channel_0_Init
                0x0800087c       0x1c ..\obj\tm_stm32f4_adc.o
                0x0800087c                TM_ADC_INT_Channel_0_Init
 .text.TM_ADC_INT_Channel_1_Init
                0x08000898       0x1c ..\obj\tm_stm32f4_adc.o
                0x08000898                TM_ADC_INT_Channel_1_Init
 .text.TM_ADC_INT_Channel_2_Init
                0x080008b4       0x1c ..\obj\tm_stm32f4_adc.o
                0x080008b4                TM_ADC_INT_Channel_2_Init
 .text.TM_ADC_INT_Channel_3_Init
                0x080008d0       0x1c ..\obj\tm_stm32f4_adc.o
                0x080008d0                TM_ADC_INT_Channel_3_Init
 .text.TM_ADC_INT_Channel_4_Init
                0x080008ec       0x4c ..\obj\tm_stm32f4_adc.o
                0x080008ec                TM_ADC_INT_Channel_4_Init
 .text.TM_ADC_INT_Channel_5_Init
                0x08000938       0x4c ..\obj\tm_stm32f4_adc.o
                0x08000938                TM_ADC_INT_Channel_5_Init
 .text.TM_ADC_INT_Channel_6_Init
                0x08000984       0x50 ..\obj\tm_stm32f4_adc.o
                0x08000984                TM_ADC_INT_Channel_6_Init
 .text.TM_ADC_INT_Channel_7_Init
                0x080009d4       0x50 ..\obj\tm_stm32f4_adc.o
                0x080009d4                TM_ADC_INT_Channel_7_Init
 .text.TM_ADC_INT_Channel_8_Init
                0x08000a24       0x50 ..\obj\tm_stm32f4_adc.o
                0x08000a24                TM_ADC_INT_Channel_8_Init
 .text.TM_ADC_INT_Channel_9_Init
                0x08000a74       0x4c ..\obj\tm_stm32f4_adc.o
                0x08000a74                TM_ADC_INT_Channel_9_Init
 .text.TM_ADC_INT_Channel_10_Init
                0x08000ac0       0x1c ..\obj\tm_stm32f4_adc.o
                0x08000ac0                TM_ADC_INT_Channel_10_Init
 .text.TM_ADC_INT_Channel_11_Init
                0x08000adc       0x1c ..\obj\tm_stm32f4_adc.o
                0x08000adc                TM_ADC_INT_Channel_11_Init
 .text.TM_ADC_INT_Channel_12_Init
                0x08000af8       0x1c ..\obj\tm_stm32f4_adc.o
                0x08000af8                TM_ADC_INT_Channel_12_Init
 .text.TM_ADC_INT_Channel_13_Init
                0x08000b14       0x1c ..\obj\tm_stm32f4_adc.o
                0x08000b14                TM_ADC_INT_Channel_13_Init
 .text.TM_ADC_INT_Channel_14_Init
                0x08000b30       0x4c ..\obj\tm_stm32f4_adc.o
                0x08000b30                TM_ADC_INT_Channel_14_Init
 .text.TM_ADC_INT_Channel_15_Init
                0x08000b7c       0x50 ..\obj\tm_stm32f4_adc.o
                0x08000b7c                TM_ADC_INT_Channel_15_Init
 .text.TM_ADC_INT_InitPin
                0x08000bcc       0x28 ..\obj\tm_stm32f4_adc.o
                0x08000bcc                TM_ADC_INT_InitPin
 .text.Default_Reset_Handler
                0x08000bf4       0x60 ..\obj\startup_stm32f4xx.o
                0x08000bf4                Default_Reset_Handler
                0x08000bf4                Reset_Handler
 .text.Default_Handler
                0x08000c54        0x6 ..\obj\startup_stm32f4xx.o
                0x08000c54                RTC_Alarm_IRQHandler
                0x08000c54                HASH_RNG_IRQHandler
                0x08000c54                TIM8_CC_IRQHandler
                0x08000c54                DebugMon_Handler
                0x08000c54                TIM1_CC_IRQHandler
                0x08000c54                DMA2_Stream5_IRQHandler
                0x08000c54                HardFault_Handler
                0x08000c54                DMA1_Stream5_IRQHandler
                0x08000c54                PVD_IRQHandler
                0x08000c54                SDIO_IRQHandler
                0x08000c54                TAMP_STAMP_IRQHandler
                0x08000c54                PendSV_Handler
                0x08000c54                NMI_Handler
                0x08000c54                CAN2_RX1_IRQHandler
                0x08000c54                TIM8_TRG_COM_TIM14_IRQHandler
                0x08000c54                TIM1_UP_TIM10_IRQHandler
                0x08000c54                TIM8_UP_TIM13_IRQHandler
                0x08000c54                I2C3_ER_IRQHandler
                0x08000c54                I2C2_EV_IRQHandler
                0x08000c54                DMA1_Stream2_IRQHandler
                0x08000c54                CAN1_RX0_IRQHandler
                0x08000c54                FPU_IRQHandler
                0x08000c54                OTG_HS_WKUP_IRQHandler
                0x08000c54                UsageFault_Handler
                0x08000c54                CAN2_SCE_IRQHandler
                0x08000c54                DMA2_Stream2_IRQHandler
                0x08000c54                SPI1_IRQHandler
                0x08000c54                TIM6_DAC_IRQHandler
                0x08000c54                TIM1_BRK_TIM9_IRQHandler
                0x08000c54                DCMI_IRQHandler
                0x08000c54                CAN2_RX0_IRQHandler
                0x08000c54                DMA2_Stream3_IRQHandler
                0x08000c54                USART6_IRQHandler
                0x08000c54                CRYP_IRQHandler
                0x08000c54                CAN1_RX1_IRQHandler
                0x08000c54                UART5_IRQHandler
                0x08000c54                DMA2_Stream0_IRQHandler
                0x08000c54                TIM4_IRQHandler
                0x08000c54                I2C1_EV_IRQHandler
                0x08000c54                DMA1_Stream6_IRQHandler
                0x08000c54                DMA1_Stream1_IRQHandler
                0x08000c54                UART4_IRQHandler
                0x08000c54                TIM3_IRQHandler
                0x08000c54                RCC_IRQHandler
                0x08000c54                TIM8_BRK_TIM12_IRQHandler
                0x08000c54                EXTI15_10_IRQHandler
                0x08000c54                ADC_IRQHandler
                0x08000c54                DMA1_Stream7_IRQHandler
                0x08000c54                TIM7_IRQHandler
                0x08000c54                CAN2_TX_IRQHandler
                0x08000c54                DMA2_Stream7_IRQHandler
                0x08000c54                I2C3_EV_IRQHandler
                0x08000c54                RTC_WKUP_IRQHandler
                0x08000c54                ETH_WKUP_IRQHandler
                0x08000c54                SPI2_IRQHandler
                0x08000c54                OTG_HS_EP1_IN_IRQHandler
                0x08000c54                MemManage_Handler
                0x08000c54                DMA1_Stream0_IRQHandler
                0x08000c54                CAN1_TX_IRQHandler
                0x08000c54                SVC_Handler
                0x08000c54                FSMC_IRQHandler
                0x08000c54                ETH_IRQHandler
                0x08000c54                OTG_HS_EP1_OUT_IRQHandler
                0x08000c54                WWDG_IRQHandler
                0x08000c54                OTG_FS_WKUP_IRQHandler
                0x08000c54                TIM1_TRG_COM_TIM11_IRQHandler
                0x08000c54                OTG_HS_IRQHandler
                0x08000c54                I2C2_ER_IRQHandler
                0x08000c54                DMA2_Stream1_IRQHandler
                0x08000c54                CAN1_SCE_IRQHandler
                0x08000c54                FLASH_IRQHandler
                0x08000c54                DMA2_Stream4_IRQHandler
                0x08000c54                BusFault_Handler
                0x08000c54                USART1_IRQHandler
                0x08000c54                OTG_FS_IRQHandler
                0x08000c54                SPI3_IRQHandler
                0x08000c54                DMA1_Stream4_IRQHandler
                0x08000c54                I2C1_ER_IRQHandler
                0x08000c54                DMA2_Stream6_IRQHandler
                0x08000c54                DMA1_Stream3_IRQHandler
 *fill*         0x08000c5a        0x2 
 .text.TM_TIMER_Init
                0x08000c5c       0x44 ..\obj\pwm_motor.o
                0x08000c5c                TM_TIMER_Init
 .text.init_pwm
                0x08000ca0       0x88 ..\obj\pwm_motor.o
                0x08000ca0                init_pwm
 .text.init_motor
                0x08000d28       0xbc ..\obj\pwm_motor.o
                0x08000d28                init_motor
 .text.motorDC  0x08000de4      0x138 ..\obj\pwm_motor.o
                0x08000de4                motorDC
 .text.main     0x08000f1c       0x44 ..\obj\main.o
                0x08000f1c                main
 .text.RCC_HSEConfig
                0x08000f60       0x24 ..\obj\stm32f4xx_rcc.o
                0x08000f60                RCC_HSEConfig
 .text.RCC_WaitForHSEStartUp
                0x08000f84       0x50 ..\obj\stm32f4xx_rcc.o
                0x08000f84                RCC_WaitForHSEStartUp
 .text.RCC_GetClocksFreq
                0x08000fd4      0x150 ..\obj\stm32f4xx_rcc.o
                0x08000fd4                RCC_GetClocksFreq
 .text.RCC_AHB1PeriphClockCmd
                0x08001124       0x3c ..\obj\stm32f4xx_rcc.o
                0x08001124                RCC_AHB1PeriphClockCmd
 .text.RCC_APB1PeriphClockCmd
                0x08001160       0x3c ..\obj\stm32f4xx_rcc.o
                0x08001160                RCC_APB1PeriphClockCmd
 .text.RCC_APB2PeriphClockCmd
                0x0800119c       0x3c ..\obj\stm32f4xx_rcc.o
                0x0800119c                RCC_APB2PeriphClockCmd
 .text.RCC_GetFlagStatus
                0x080011d8       0x74 ..\obj\stm32f4xx_rcc.o
                0x080011d8                RCC_GetFlagStatus
 .text.ADC_Init
                0x0800124c       0xa8 ..\obj\stm32f4xx_adc.o
                0x0800124c                ADC_Init
 .text.ADC_CommonInit
                0x080012f4       0x50 ..\obj\stm32f4xx_adc.o
                0x080012f4                ADC_CommonInit
 .text.ADC_RegularChannelConfig
                0x08001344      0x192 ..\obj\stm32f4xx_adc.o
                0x08001344                ADC_RegularChannelConfig
 .text.PutChar  0x080014d6       0x1e ..\obj\printf.o
                0x080014d6                PutChar
 .text.PutString
                0x080014f4       0x3a ..\obj\printf.o
                0x080014f4                PutString
 *fill*         0x0800152e        0x2 
 .text.PutUnsignedInt
                0x08001530       0x9c ..\obj\printf.o
                0x08001530                PutUnsignedInt
 .text.PutSignedInt
                0x080015cc       0xf8 ..\obj\printf.o
                0x080015cc                PutSignedInt
 .text.PutHexa  0x080016c4       0xd4 ..\obj\printf.o
                0x080016c4                PutHexa
 .text.vsnprintf
                0x08001798      0x254 ..\obj\printf.o
                0x08001798                vsnprintf
 .text.vsprintf
                0x080019ec       0x22 ..\obj\printf.o
                0x080019ec                vsprintf
 .text.sprintf  0x08001a0e       0x2c ..\obj\printf.o
                0x08001a0e                sprintf
 *fill*         0x08001a3a        0x2 
 .text.TM_RE_Init
                0x08001a3c       0xa8 ..\obj\tm_stm32f4_rotary_encoder.o
                0x08001a3c                TM_RE_Init
 .text.InitSecondEncoder
                0x08001ae4       0xa8 ..\obj\tm_stm32f4_rotary_encoder.o
                0x08001ae4                InitSecondEncoder
 .text.InitThirdEncoder
                0x08001b8c       0xa8 ..\obj\tm_stm32f4_rotary_encoder.o
                0x08001b8c                InitThirdEncoder
 .text.InitFourthEncoder
                0x08001c34       0xa8 ..\obj\tm_stm32f4_rotary_encoder.o
                0x08001c34                InitFourthEncoder
 .text.InitFifthEncoder
                0x08001cdc       0xa8 ..\obj\tm_stm32f4_rotary_encoder.o
                0x08001cdc                InitFifthEncoder
 .text.InitSixthEncoder
                0x08001d84       0xa8 ..\obj\tm_stm32f4_rotary_encoder.o
                0x08001d84                InitSixthEncoder
 .text.TM_RE_Get
                0x08001e2c       0x58 ..\obj\tm_stm32f4_rotary_encoder.o
                0x08001e2c                TM_RE_Get
 .text.SecondGet
                0x08001e84       0x58 ..\obj\tm_stm32f4_rotary_encoder.o
                0x08001e84                SecondGet
 .text.ThirdGet
                0x08001edc       0x58 ..\obj\tm_stm32f4_rotary_encoder.o
                0x08001edc                ThirdGet
 .text.FourthGet
                0x08001f34       0x58 ..\obj\tm_stm32f4_rotary_encoder.o
                0x08001f34                FourthGet
 .text.TM_RE_Process
                0x08001f8c       0x68 ..\obj\tm_stm32f4_rotary_encoder.o
                0x08001f8c                TM_RE_Process
 .text.SecondProcess
                0x08001ff4       0x68 ..\obj\tm_stm32f4_rotary_encoder.o
                0x08001ff4                SecondProcess
 .text.ThirdProcess
                0x0800205c       0x68 ..\obj\tm_stm32f4_rotary_encoder.o
                0x0800205c                ThirdProcess
 .text.FourthProcess
                0x080020c4       0x68 ..\obj\tm_stm32f4_rotary_encoder.o
                0x080020c4                FourthProcess
 .text.FifthProcess
                0x0800212c       0x68 ..\obj\tm_stm32f4_rotary_encoder.o
                0x0800212c                FifthProcess
 .text.SixthProcess
                0x08002194       0x68 ..\obj\tm_stm32f4_rotary_encoder.o
                0x08002194                SixthProcess
 .text.EXTI0_IRQHandler
                0x080021fc       0x1e ..\obj\tm_stm32f4_rotary_encoder.o
                0x080021fc                EXTI0_IRQHandler
 .text.EXTI1_IRQHandler
                0x0800221a       0x1e ..\obj\tm_stm32f4_rotary_encoder.o
                0x0800221a                EXTI1_IRQHandler
 .text.EXTI2_IRQHandler
                0x08002238       0x1e ..\obj\tm_stm32f4_rotary_encoder.o
                0x08002238                EXTI2_IRQHandler
 .text.EXTI3_IRQHandler
                0x08002256       0x1e ..\obj\tm_stm32f4_rotary_encoder.o
                0x08002256                EXTI3_IRQHandler
 .text.EXTI4_IRQHandler
                0x08002274       0x1e ..\obj\tm_stm32f4_rotary_encoder.o
                0x08002274                EXTI4_IRQHandler
 .text.EXTI9_5_IRQHandler
                0x08002292       0x1e ..\obj\tm_stm32f4_rotary_encoder.o
                0x08002292                EXTI9_5_IRQHandler
 .text.odometers
                0x080022b0      0x6a0 ..\obj\odometry.o
                0x080022b0                odometers
 .text.accelerometers
                0x08002950      0x2d0 ..\obj\odometry.o
                0x08002950                accelerometers
 .text.NVIC_SetPriority
                0x08002c20       0x54 ..\obj\tm_stm32f4_delay.o
 .text.SysTick_Config
                0x08002c74       0x44 ..\obj\tm_stm32f4_delay.o
 .text.Delayms  0x08002cb8       0x30 ..\obj\tm_stm32f4_delay.o
                0x08002cb8                Delayms
 .text.SysTick_Handler
                0x08002ce8       0x48 ..\obj\tm_stm32f4_delay.o
                0x08002ce8                SysTick_Handler
 .text.TM_DELAY_Init
                0x08002d30       0x50 ..\obj\tm_stm32f4_delay.o
                0x08002d30                TM_DELAY_Init
 .text.GPIO_Init
                0x08002d80      0x11a ..\obj\stm32f4xx_gpio.o
                0x08002d80                GPIO_Init
 .text.GPIO_ReadInputDataBit
                0x08002e9a       0x32 ..\obj\stm32f4xx_gpio.o
                0x08002e9a                GPIO_ReadInputDataBit
 .text.GPIO_SetBits
                0x08002ecc       0x1c ..\obj\stm32f4xx_gpio.o
                0x08002ecc                GPIO_SetBits
 .text.GPIO_ResetBits
                0x08002ee8       0x1c ..\obj\stm32f4xx_gpio.o
                0x08002ee8                GPIO_ResetBits
 .text.GPIO_PinAFConfig
                0x08002f04       0x90 ..\obj\stm32f4xx_gpio.o
                0x08002f04                GPIO_PinAFConfig
 .text.init_extender
                0x08002f94       0x58 ..\obj\mekanisme_penendang.o
                0x08002f94                init_extender
 .text.rightExtender
                0x08002fec       0x18 ..\obj\mekanisme_penendang.o
                0x08002fec                rightExtender
 .text.leftExtender
                0x08003004       0x18 ..\obj\mekanisme_penendang.o
                0x08003004                leftExtender
 .text.upExtender
                0x0800301c       0x18 ..\obj\mekanisme_penendang.o
                0x0800301c                upExtender
 .text.offExtender
                0x08003034       0x2c ..\obj\mekanisme_penendang.o
                0x08003034                offExtender
 .text.lcd_clear
                0x08003060       0x16 ..\obj\lcd_16x2.o
                0x08003060                lcd_clear
 .text.lcd_putsf
                0x08003076       0x3e ..\obj\lcd_16x2.o
                0x08003076                lcd_putsf
 .text.P_LCD_2x16_PinLo
                0x080030b4       0x40 ..\obj\lcd_16x2.o
                0x080030b4                P_LCD_2x16_PinLo
 .text.P_LCD_2x16_PinHi
                0x080030f4       0x40 ..\obj\lcd_16x2.o
                0x080030f4                P_LCD_2x16_PinHi
 .text.P_LCD_2x16_Clk
                0x08003134       0x24 ..\obj\lcd_16x2.o
                0x08003134                P_LCD_2x16_Clk
 .text.P_LCD_2x16_Cmd
                0x08003158       0xde ..\obj\lcd_16x2.o
                0x08003158                P_LCD_2x16_Cmd
 .text.P_LCD_2x16_Data
                0x08003236       0xde ..\obj\lcd_16x2.o
                0x08003236                P_LCD_2x16_Data
 .text.lcd_gotoxy
                0x08003314       0x4a ..\obj\lcd_16x2.o
                0x08003314                lcd_gotoxy
 .text.P_LCD_2x16_Delay
                0x0800335e       0x1e ..\obj\lcd_16x2.o
                0x0800335e                P_LCD_2x16_Delay
 .text.SystemInit
                0x0800337c       0x5c ..\obj\system_stm32f4xx.o
                0x0800337c                SystemInit
 .text.SetSysClock
                0x080033d8       0xf4 ..\obj\system_stm32f4xx.o
 .text.init_camera
                0x080034cc       0xb8 ..\obj\uart_camera.o
                0x080034cc                init_camera
 .text.USART3_IRQHandler
                0x08003584      0x194 ..\obj\uart_camera.o
                0x08003584                USART3_IRQHandler
 .text.fungsiautosudut
                0x08003718       0x1c ..\obj\uart_camera.o
                0x08003718                fungsiautosudut
 .text.changeStartHeading
                0x08003734       0x20 ..\obj\speed_control.o
                0x08003734                changeStartHeading
 .text.InitializeTimer
                0x08003754       0x4e ..\obj\speed_control.o
                0x08003754                InitializeTimer
 .text.EnableTimerInterrupt
                0x080037a2       0x26 ..\obj\speed_control.o
                0x080037a2                EnableTimerInterrupt
 .text.TIM2_IRQHandler
                0x080037c8      0x594 ..\obj\speed_control.o
                0x080037c8                TIM2_IRQHandler
 .text.motorSpeed
                0x08003d5c       0x48 ..\obj\speed_control.o
                0x08003d5c                motorSpeed
 .text.init_speed_control
                0x08003da4       0x54 ..\obj\speed_control.o
                0x08003da4                init_speed_control
 .text.maju     0x08003df8       0x38 ..\obj\speed_control.o
                0x08003df8                maju
 .text.mundur   0x08003e30       0x30 ..\obj\speed_control.o
                0x08003e30                mundur
 .text.kanan    0x08003e60       0x34 ..\obj\speed_control.o
                0x08003e60                kanan
 .text.kiri     0x08003e94       0x30 ..\obj\speed_control.o
                0x08003e94                kiri
 .text.rotateClockWise
                0x08003ec4       0x3c ..\obj\speed_control.o
                0x08003ec4                rotateClockWise
 .text.rotateAntiClockWise
                0x08003f00       0x28 ..\obj\speed_control.o
                0x08003f00                rotateAntiClockWise
 .text.EXTI_Init
                0x08003f28       0xe4 ..\obj\stm32f4xx_exti.o
                0x08003f28                EXTI_Init
 .text.EXTI_GetITStatus
                0x0800400c       0x48 ..\obj\stm32f4xx_exti.o
                0x0800400c                EXTI_GetITStatus
 .text.EXTI_ClearITPendingBit
                0x08004054       0x1c ..\obj\stm32f4xx_exti.o
                0x08004054                EXTI_ClearITPendingBit
 .text.NVIC_Init
                0x08004070       0xc4 ..\obj\misc.o
                0x08004070                NVIC_Init
 .text.TM_GPIO_Init
                0x08004134       0x46 ..\obj\tm_stm32f4_gpio.o
                0x08004134                TM_GPIO_Init
 .text.TM_GPIO_GetPortSource
                0x0800417a       0x20 ..\obj\tm_stm32f4_gpio.o
                0x0800417a                TM_GPIO_GetPortSource
 *fill*         0x0800419a        0x2 
 .text.TM_GPIO_INT_EnableClock
                0x0800419c       0x30 ..\obj\tm_stm32f4_gpio.o
                0x0800419c                TM_GPIO_INT_EnableClock
 .text.TM_GPIO_INT_Init
                0x080041cc      0x10c ..\obj\tm_stm32f4_gpio.o
                0x080041cc                TM_GPIO_INT_Init
 .text.keeper   0x080042d8      0x2e8 ..\obj\localization.o
                0x080042d8                keeper
 .text.printData
                0x080045c0       0x80 ..\obj\localization.o
                0x080045c0                printData
 .text.init_proximity
                0x08004640      0x16c ..\obj\localization.o
                0x08004640                init_proximity
 .text.getProxy1
                0x080047ac       0x7c ..\obj\localization.o
                0x080047ac                getProxy1
 .text.getProxy
                0x08004828       0x40 ..\obj\localization.o
                0x08004828                getProxy
 .text.readProxy
                0x08004868       0xe0 ..\obj\localization.o
                0x08004868                readProxy
 .text.readGP   0x08004948       0x54 ..\obj\localization.o
                0x08004948                readGP
 .text.proxyExtender
                0x0800499c      0x18c ..\obj\localization.o
                0x0800499c                proxyExtender
 .text.TIM5_IRQHandler
                0x08004b28       0x28 ..\obj\localization.o
                0x08004b28                TIM5_IRQHandler
 .text.TIM_TimeBaseInit
                0x08004b50       0xd4 ..\obj\stm32f4xx_tim.o
                0x08004b50                TIM_TimeBaseInit
 .text.TIM_Cmd  0x08004c24       0x3e ..\obj\stm32f4xx_tim.o
                0x08004c24                TIM_Cmd
 *fill*         0x08004c62        0x2 
 .text.TIM_OC1Init
                0x08004c64       0xf4 ..\obj\stm32f4xx_tim.o
                0x08004c64                TIM_OC1Init
 .text.TIM_OC2Init
                0x08004d58      0x110 ..\obj\stm32f4xx_tim.o
                0x08004d58                TIM_OC2Init
 .text.TIM_OC3Init
                0x08004e68      0x10c ..\obj\stm32f4xx_tim.o
                0x08004e68                TIM_OC3Init
 .text.TIM_OC4Init
                0x08004f74       0xcc ..\obj\stm32f4xx_tim.o
                0x08004f74                TIM_OC4Init
 .text.TIM_OC1PreloadConfig
                0x08005040       0x36 ..\obj\stm32f4xx_tim.o
                0x08005040                TIM_OC1PreloadConfig
 .text.TIM_OC2PreloadConfig
                0x08005076       0x3a ..\obj\stm32f4xx_tim.o
                0x08005076                TIM_OC2PreloadConfig
 .text.TIM_OC3PreloadConfig
                0x080050b0       0x36 ..\obj\stm32f4xx_tim.o
                0x080050b0                TIM_OC3PreloadConfig
 .text.TIM_OC4PreloadConfig
                0x080050e6       0x3a ..\obj\stm32f4xx_tim.o
                0x080050e6                TIM_OC4PreloadConfig
 .text.TIM_ITConfig
                0x08005120       0x46 ..\obj\stm32f4xx_tim.o
                0x08005120                TIM_ITConfig
 .text.TIM_GetITStatus
                0x08005166       0x52 ..\obj\stm32f4xx_tim.o
                0x08005166                TIM_GetITStatus
 .text.TIM_ClearITPendingBit
                0x080051b8       0x20 ..\obj\stm32f4xx_tim.o
                0x080051b8                TIM_ClearITPendingBit
 .text.cos      0x080051d8       0x94 c:/program files (x86)/gnu tools arm embedded/6 2017-q2-update/bin/../lib/gcc/arm-none-eabi/6.3.1/../../../../arm-none-eabi/lib/thumb/v7e-m\libm.a(lib_a-s_cos.o)
                0x080051d8                cos
 .text.fabs     0x0800526c        0x8 c:/program files (x86)/gnu tools arm embedded/6 2017-q2-update/bin/../lib/gcc/arm-none-eabi/6.3.1/../../../../arm-none-eabi/lib/thumb/v7e-m\libm.a(lib_a-s_fabs.o)
                0x0800526c                fabs
 .text.sin      0x08005274       0x88 c:/program files (x86)/gnu tools arm embedded/6 2017-q2-update/bin/../lib/gcc/arm-none-eabi/6.3.1/../../../../arm-none-eabi/lib/thumb/v7e-m\libm.a(lib_a-s_sin.o)
                0x08005274                sin
 *fill*         0x080052fc        0x4 
 .text.__ieee754_rem_pio2
                0x08005300      0x444 c:/program files (x86)/gnu tools arm embedded/6 2017-q2-update/bin/../lib/gcc/arm-none-eabi/6.3.1/../../../../arm-none-eabi/lib/thumb/v7e-m\libm.a(lib_a-e_rem_pio2.o)
                0x08005300                __ieee754_rem_pio2
 *fill*         0x08005744        0x4 
 .text.__kernel_cos
                0x08005748      0x248 c:/program files (x86)/gnu tools arm embedded/6 2017-q2-update/bin/../lib/gcc/arm-none-eabi/6.3.1/../../../../arm-none-eabi/lib/thumb/v7e-m\libm.a(lib_a-k_cos.o)
                0x08005748                __kernel_cos
 .text.__kernel_rem_pio2
                0x08005990      0x88c c:/program files (x86)/gnu tools arm embedded/6 2017-q2-update/bin/../lib/gcc/arm-none-eabi/6.3.1/../../../../arm-none-eabi/lib/thumb/v7e-m\libm.a(lib_a-k_rem_pio2.o)
                0x08005990                __kernel_rem_pio2
 *fill*         0x0800621c        0x4 
 .text.__kernel_sin
                0x08006220      0x16c c:/program files (x86)/gnu tools arm embedded/6 2017-q2-update/bin/../lib/gcc/arm-none-eabi/6.3.1/../../../../arm-none-eabi/lib/thumb/v7e-m\libm.a(lib_a-k_sin.o)
                0x08006220                __kernel_sin
 *fill*         0x0800638c        0x4 
 .text.floor    0x08006390      0x118 c:/program files (x86)/gnu tools arm embedded/6 2017-q2-update/bin/../lib/gcc/arm-none-eabi/6.3.1/../../../../arm-none-eabi/lib/thumb/v7e-m\libm.a(lib_a-s_floor.o)
                0x08006390                floor
 .text.scalbn   0x080064a8       0xfc c:/program files (x86)/gnu tools arm embedded/6 2017-q2-update/bin/../lib/gcc/arm-none-eabi/6.3.1/../../../../arm-none-eabi/lib/thumb/v7e-m\libm.a(lib_a-s_scalbn.o)
                0x080064a8                scalbn
 .text.copysign
                0x080065a4       0x10 c:/program files (x86)/gnu tools arm embedded/6 2017-q2-update/bin/../lib/gcc/arm-none-eabi/6.3.1/../../../../arm-none-eabi/lib/thumb/v7e-m\libm.a(lib_a-s_copysign.o)
                0x080065a4                copysign
 .text          0x080065b4      0x370 c:/program files (x86)/gnu tools arm embedded/6 2017-q2-update/bin/../lib/gcc/arm-none-eabi/6.3.1/thumb/v7e-m\libgcc.a(_arm_addsubdf3.o)
                0x080065b4                __aeabi_drsub
                0x080065bc                __aeabi_dsub
                0x080065bc                __subdf3
                0x080065c0                __aeabi_dadd
                0x080065c0                __adddf3
                0x08006838                __floatunsidf
                0x08006838                __aeabi_ui2d
                0x08006858                __floatsidf
                0x08006858                __aeabi_i2d
                0x0800687c                __aeabi_f2d
                0x0800687c                __extendsfdf2
                0x080068b8                __floatundidf
                0x080068b8                __aeabi_ul2d
                0x080068c8                __floatdidf
                0x080068c8                __aeabi_l2d
 .text          0x08006924      0x424 c:/program files (x86)/gnu tools arm embedded/6 2017-q2-update/bin/../lib/gcc/arm-none-eabi/6.3.1/thumb/v7e-m\libgcc.a(_arm_muldivdf3.o)
                0x08006924                __aeabi_dmul
                0x08006924                __muldf3
                0x08006b78                __divdf3
                0x08006b78                __aeabi_ddiv
 .text          0x08006d48      0x110 c:/program files (x86)/gnu tools arm embedded/6 2017-q2-update/bin/../lib/gcc/arm-none-eabi/6.3.1/thumb/v7e-m\libgcc.a(_arm_cmpdf2.o)
                0x08006d48                __gtdf2
                0x08006d48                __gedf2
                0x08006d50                __ltdf2
                0x08006d50                __ledf2
                0x08006d58                __nedf2
                0x08006d58                __eqdf2
                0x08006d58                __cmpdf2
                0x08006dd4                __aeabi_cdrcmple
                0x08006de4                __aeabi_cdcmpeq
                0x08006de4                __aeabi_cdcmple
                0x08006df4                __aeabi_dcmpeq
                0x08006e08                __aeabi_dcmplt
                0x08006e1c                __aeabi_dcmple
                0x08006e30                __aeabi_dcmpge
                0x08006e44                __aeabi_dcmpgt
 .text          0x08006e58       0x50 c:/program files (x86)/gnu tools arm embedded/6 2017-q2-update/bin/../lib/gcc/arm-none-eabi/6.3.1/thumb/v7e-m\libgcc.a(_arm_fixdfsi.o)
                0x08006e58                __aeabi_d2iz
                0x08006e58                __fixdfsi
 .text          0x08006ea8       0xa0 c:/program files (x86)/gnu tools arm embedded/6 2017-q2-update/bin/../lib/gcc/arm-none-eabi/6.3.1/thumb/v7e-m\libgcc.a(_arm_truncdfsf2.o)
                0x08006ea8                __truncdfsf2
                0x08006ea8                __aeabi_d2f
 .text          0x08006f48      0x21c c:/program files (x86)/gnu tools arm embedded/6 2017-q2-update/bin/../lib/gcc/arm-none-eabi/6.3.1/thumb/v7e-m\libgcc.a(_arm_addsubsf3.o)
                0x08006f48                __aeabi_frsub
                0x08006f50                __subsf3
                0x08006f50                __aeabi_fsub
                0x08006f54                __aeabi_fadd
                0x08006f54                __addsf3
                0x080070b4                __aeabi_ui2f
                0x080070b4                __floatunsisf
                0x080070bc                __aeabi_i2f
                0x080070bc                __floatsisf
                0x080070d8                __aeabi_ul2f
                0x080070d8                __floatundisf
                0x080070e8                __aeabi_l2f
                0x080070e8                __floatdisf
 .text          0x08007164      0x2a0 c:/program files (x86)/gnu tools arm embedded/6 2017-q2-update/bin/../lib/gcc/arm-none-eabi/6.3.1/thumb/v7e-m\libgcc.a(_arm_muldivsf3.o)
                0x08007164                __mulsf3
                0x08007164                __aeabi_fmul
                0x080072cc                __aeabi_fdiv
                0x080072cc                __divsf3
 .text          0x08007404       0xec c:/program files (x86)/gnu tools arm embedded/6 2017-q2-update/bin/../lib/gcc/arm-none-eabi/6.3.1/thumb/v7e-m\libgcc.a(_arm_cmpsf2.o)
                0x08007404                __gesf2
                0x08007404                __gtsf2
                0x0800740c                __lesf2
                0x0800740c                __ltsf2
                0x08007414                __nesf2
                0x08007414                __eqsf2
                0x08007414                __cmpsf2
                0x08007474                __aeabi_cfrcmple
                0x0800747c                __aeabi_cfcmpeq
                0x0800747c                __aeabi_cfcmple
                0x0800748c                __aeabi_fcmpeq
                0x080074a0                __aeabi_fcmplt
                0x080074b4                __aeabi_fcmple
                0x080074c8                __aeabi_fcmpge
                0x080074dc                __aeabi_fcmpgt
 .text          0x080074f0       0x4c c:/program files (x86)/gnu tools arm embedded/6 2017-q2-update/bin/../lib/gcc/arm-none-eabi/6.3.1/thumb/v7e-m\libgcc.a(_arm_fixsfsi.o)
                0x080074f0                __aeabi_f2iz
                0x080074f0                __fixsfsi
 *(.init)
 *(.fini)
 *crtbegin.o(.ctors)
 *crtbegin?.o(.ctors)
 *(EXCLUDE_FILE(*crtend.o *crtend?.o) .ctors)
 *(SORT(.ctors.*))
 *(.ctors)
 *crtbegin.o(.dtors)
 *crtbegin?.o(.dtors)
 *(EXCLUDE_FILE(*crtend.o *crtend?.o) .dtors)
 *(SORT(.dtors.*))
 *(.dtors)
 *(.rodata*)
 .rodata        0x0800753c       0x1f ..\obj\localization.o
 *fill*         0x0800755b        0x1 
 .rodata.npio2_hw
                0x0800755c       0x80 c:/program files (x86)/gnu tools arm embedded/6 2017-q2-update/bin/../lib/gcc/arm-none-eabi/6.3.1/../../../../arm-none-eabi/lib/thumb/v7e-m\libm.a(lib_a-e_rem_pio2.o)
 .rodata.two_over_pi
                0x080075dc      0x108 c:/program files (x86)/gnu tools arm embedded/6 2017-q2-update/bin/../lib/gcc/arm-none-eabi/6.3.1/../../../../arm-none-eabi/lib/thumb/v7e-m\libm.a(lib_a-e_rem_pio2.o)
 *fill*         0x080076e4        0x4 
 .rodata.PIo2   0x080076e8       0x40 c:/program files (x86)/gnu tools arm embedded/6 2017-q2-update/bin/../lib/gcc/arm-none-eabi/6.3.1/../../../../arm-none-eabi/lib/thumb/v7e-m\libm.a(lib_a-k_rem_pio2.o)
 .rodata.init_jk
                0x08007728       0x10 c:/program files (x86)/gnu tools arm embedded/6 2017-q2-update/bin/../lib/gcc/arm-none-eabi/6.3.1/../../../../arm-none-eabi/lib/thumb/v7e-m\libm.a(lib_a-k_rem_pio2.o)
 *(.eh_fram e*)

.glue_7         0x08007738        0x0
 .glue_7        0x08007738        0x0 linker stubs

.glue_7t        0x08007738        0x0
 .glue_7t       0x08007738        0x0 linker stubs

.vfp11_veneer   0x08007738        0x0
 .vfp11_veneer  0x08007738        0x0 linker stubs

.v4_bx          0x08007738        0x0
 .v4_bx         0x08007738        0x0 linker stubs

.iplt           0x08007738        0x0
 .iplt          0x08007738        0x0 ..\obj\uart_node.o

.rel.dyn        0x08007738        0x0
 .rel.iplt      0x08007738        0x0 ..\obj\uart_node.o

.ARM.extab
 *(.ARM.extab* .gnu.linkonce.armextab.*)
                0x08007738                __exidx_start = .

.ARM.exidx
 *(.ARM.exidx* .gnu.linkonce.armexidx.*)
                0x08007738                __exidx_end = .
                0x08007738                __etext = .
                0x08007738                _sidata = __etext

.data           0x20000000       0xf0 load address 0x08007738
                0x20000000                __data_start__ = .
                0x20000000                _sdata = __data_start__
 *(vtable)
 *(.data*)
 .data          0x20000000       0x10 ..\obj\stm32f4xx_rcc.o
 .data          0x20000010        0x6 ..\obj\tm_stm32f4_rotary_encoder.o
 *fill*         0x20000016        0x2 
 .data          0x20000018       0x78 ..\obj\lcd_16x2.o
                0x20000018                LCD_2X16
 .data          0x20000090       0x14 ..\obj\system_stm32f4xx.o
                0x20000090                SystemCoreClock
                0x20000094                AHBPrescTable
 .data          0x200000a4       0x4c ..\obj\localization.o
                0x200000a4                team
                0x200000a8                KaP
                0x200000ac                KaD
                0x200000b0                icount
                0x200000b4                sudutKanan
                0x200000b8                sudutKiri
                0x200000bc                wasit
                0x200000c0                proxyKiri1
                0x200000c4                proxyKiri2
                0x200000c8                proxyKiri3
                0x200000cc                proxyKanan1
                0x200000d0                proxyKanan2
                0x200000d4                proxyKanan3
                0x200000d8                proxyAtas1
                0x200000dc                proxyAtas2
                0x200000e0                proxyAtas3
                0x200000e4                proxySampingKiri
                0x200000e8                proxySampingKanan
                0x200000ec                proxyTengah
                0x200000f0                . = ALIGN (0x4)
                [!provide]                PROVIDE (__preinit_array_start, .)
 *(.preinit_array)
                [!provide]                PROVIDE (__preinit_array_end, .)
                0x200000f0                . = ALIGN (0x4)
                [!provide]                PROVIDE (__init_array_start, .)
 *(SORT(.init_array.*))
 *(.init_array)
                [!provide]                PROVIDE (__init_array_end, .)
                0x200000f0                . = ALIGN (0x4)
                [!provide]                PROVIDE (__fini_array_start, .)
 *(SORT(.fini_array.*))
 *(.fini_array)
                [!provide]                PROVIDE (__fini_array_end, .)
 *(.jcr*)
                0x200000f0                . = ALIGN (0x4)
                0x200000f0                __data_end__ = .
                0x200000f0                _edata = __data_end__

.igot.plt       0x200000f0        0x0 load address 0x08007828
 .igot.plt      0x200000f0        0x0 ..\obj\uart_node.o

.bss            0x200000f0      0x2a8 load address 0x08007828
                0x200000f0                . = ALIGN (0x4)
                0x200000f0                __bss_start__ = .
                0x200000f0                _sbss = __bss_start__
 *(.bss*)
 .bss           0x200000f0       0x24 ..\obj\odometry.o
                0x200000fc                Lprev
                0x20000100                Rprev
                0x20000104                Fprev
                0x20000108                Bprev
                0x2000010c                XveloPrev
                0x20000110                YveloPrev
 .bss           0x20000114        0xd ..\obj\tm_stm32f4_delay.o
                0x20000120                TM_DELAY_Initialized
 *fill*         0x20000121        0x3 
 .bss           0x20000124        0x4 ..\obj\uart_camera.o
                0x20000124                autosudut
 .bss           0x20000128       0x60 ..\obj\speed_control.o
                0x20000134                rotaryCount
                0x20000138                lastCount
                0x2000013c                error
                0x2000013e                errorDua
                0x20000140                errorTiga
                0x20000142                errorEmpat
                0x20000144                rpm
                0x20000148                rpmDua
                0x2000014c                rpmTiga
                0x20000150                rpmEmpat
                0x20000154                setPointSatu
                0x20000156                setPointDua
                0x20000158                setPointTiga
                0x2000015a                setPointEmpat
                0x2000015c                output
                0x20000160                outputDua
                0x20000164                outputTiga
                0x20000168                outputEmpat
                0x2000016c                speed
                0x20000170                prevError
                0x20000172                derivError
                0x20000174                intError
                0x20000176                prevErrorDua
                0x20000178                derivErrorDua
                0x2000017a                intErrorDua
                0x2000017c                prevErrorTiga
                0x2000017e                derivErrorTiga
                0x20000180                intErrorTiga
                0x20000182                prevErrorEmpat
                0x20000184                derivErrorEmpat
                0x20000186                intErrorEmpat
 .bss           0x20000188       0x16 ..\obj\tm_stm32f4_gpio.o
 *fill*         0x2000019e        0x2 
 .bss           0x200001a0       0x50 ..\obj\localization.o
                0x200001ac                KaI
                0x200001b0                theta
                0x200001b4                flagKickoff
                0x200001b8                flagmundur
                0x200001bc                flagStrategy
                0x200001c0                handle
                0x200001c4                keeperFlag
                0x200001c8                keeperCount
                0x200001cc                hindarState
                0x200001d0                proxyCount
                0x200001d4                proxyCount1
                0x200001d8                pflag1
                0x200001dc                pflag2
                0x200001e0                GPDistance
                0x200001e8                gpread
                0x200001ec                flaggp
 *(COMMON)
 COMMON         0x200001f0       0x34 ..\obj\uart_node.o
                0x200001f0                nodey1
                0x200001f4                strategy
                0x200001f8                ballYCoor
                0x200001f9                ballXCoor
                0x200001fa                gameState
                0x200001fb                ballFound
                0x200001fc                flag
                0x20000200                nodex2
                0x20000204                compassHeading
                0x20000208                nodey2
                0x2000020c                compassDerajat2
                0x20000210                prevy1
                0x20000214                prevx1
                0x20000218                compassDerajat1
                0x2000021c                nodex1
                0x20000220                acceleroX
                0x20000221                flagNode
                0x20000222                bufferNode
                0x20000223                acceleroY
 COMMON         0x20000224       0x18 ..\obj\tm_stm32f4_rotary_encoder.o
                0x20000224                fifthCount
                0x20000228                sixthCount
                0x2000022c                fourthCount
                0x20000230                secondCount
                0x20000234                TM_INT_RE_Count
                0x20000238                thirdCount
 COMMON         0x2000023c       0x70 ..\obj\odometry.o
                0x2000023c                Ydis
                0x20000240                odomHeading
                0x20000244                Yaccel
                0x20000248                Lticks
                0x2000024c                Favg
                0x20000250                Fticks
                0x20000254                Ypos
                0x20000258                Rticks
                0x2000025c                Y_pos
                0x20000260                Xaccel
                0x20000264                Bmeters
                0x20000268                Rmeters
                0x2000026c                Lmeters
                0x20000270                FBmeters
                0x20000274                Bavg
                0x20000278                X_pos
                0x2000027c                Y_poscmps
                0x20000280                Yvelo
                0x20000284                Xpos
                0x20000288                Xdis
                0x2000028c                sudut
                0x20000290                LRmeters
                0x20000294                Lavg
                0x20000298                X_poscmps
                0x2000029c                Fmeters
                0x200002a0                Ravg
                0x200002a4                Xvelo
                0x200002a8                Bticks
 COMMON         0x200002ac        0x1 ..\obj\uart_camera.o
                0x200002ac                buffer
 *fill*         0x200002ad        0x3 
 COMMON         0x200002b0       0x50 ..\obj\speed_control.o
                0x200002b0                data2
                0x200002bc                data4
                0x200002c8                startHeading
                0x200002c9                prevStartHeading
                0x200002cc                data
                0x200002d8                data3
                0x200002e4                coorCount
                0x200002e8                data5
                0x200002f4                data6
 COMMON         0x20000300       0x98 ..\obj\localization.o
                0x20000300                prevErrorBallMaju
                0x20000304                counterDelay
                0x20000308                lcd
                0x20000318                rpmKanan
                0x2000031c                ballMaju
                0x20000320                errorBallMaju
                0x20000324                mov
                0x20000328                movCompass
                0x2000032c                derivErrorBall
                0x20000330                head
                0x20000334                headGoal
                0x20000338                rpmKiri
                0x2000033c                errorHead
                0x20000340                right_mm
                0x20000344                errorBall
                0x20000348                movPrev
                0x2000034c                gotoxyFlag
                0x20000350                movX
                0x20000354                intErrorHead
                0x20000358                left_mm
                0x2000035c                gotoHead
                0x20000360                prevErrorBall
                0x20000364                derivErrorHead
                0x20000368                rotateCount
                0x2000036c                ball
                0x20000370                headCount
                0x20000374                intErrorBallMaju
                0x20000378                prevErrorHead
                0x2000037c                derivErrorBallMaju
                0x20000380                strategyCount
                0x20000384                intErrorBall
                0x20000388                prevCompass
                0x2000038c                prevGameState
                0x20000390                movY
                0x20000394                heading
                0x20000398                . = ALIGN (0x4)
                0x20000398                __bss_end__ = .
                0x20000398                _ebss = __bss_end__

.heap           0x20000398        0x0
                0x20000398                __end__ = .
                0x20000398                _end = __end__
                0x20000398                end = __end__
 *(.heap*)
                0x20000398                __HeapLimit = .

.co_stack       0x20000398      0x800 load address 0x08007ad0
                0x20000398                . = ALIGN (0x8)
 *(.co_stack .co_stack.*)
 .co_stack      0x20000398      0x800 ..\obj\startup_stm32f4xx.o
                0x20000398                pulStack
                0x20020000                __StackTop = (ORIGIN (ram) + LENGTH (ram))
                0x2001f800                __StackLimit = (__StackTop - SIZEOF (.co_stack))
                [!provide]                PROVIDE (__stack, __StackTop)
                0x00000001                ASSERT ((__StackLimit >= __HeapLimit), region ram  overflowed with stack)
LOAD ..\obj\uart_node.o
LOAD ..\obj\stm32f4xx_syscfg.o
LOAD ..\obj\stm32f4xx_usart.o
LOAD ..\obj\tm_stm32f4_adc.o
LOAD ..\obj\startup_stm32f4xx.o
LOAD ..\obj\pwm_motor.o
LOAD ..\obj\main.o
LOAD ..\obj\stm32f4xx_rcc.o
LOAD ..\obj\tm_stm32f4_hcsr04.o
LOAD ..\obj\stm32f4xx_adc.o
LOAD ..\obj\printf.o
LOAD ..\obj\tm_stm32f4_rotary_encoder.o
LOAD ..\obj\odometry.o
LOAD ..\obj\tm_stm32f4_delay.o
LOAD ..\obj\stm32f4xx_gpio.o
LOAD ..\obj\mekanisme_penendang.o
LOAD ..\obj\lcd_16x2.o
LOAD ..\obj\system_stm32f4xx.o
LOAD ..\obj\syscalls.o
LOAD ..\obj\uart_camera.o
LOAD ..\obj\stm32f4xx_i2c.o
LOAD ..\obj\speed_control.o
LOAD ..\obj\stm32f4xx_exti.o
LOAD ..\obj\misc.o
LOAD ..\obj\tm_stm32f4_gpio.o
LOAD ..\obj\localization.o
LOAD ..\obj\stm32f4xx_tim.o
LOAD c:/program files (x86)/gnu tools arm embedded/6 2017-q2-update/bin/../lib/gcc/arm-none-eabi/6.3.1/../../../../arm-none-eabi/lib/thumb/v7e-m\libm.a
START GROUP
LOAD c:/program files (x86)/gnu tools arm embedded/6 2017-q2-update/bin/../lib/gcc/arm-none-eabi/6.3.1/thumb/v7e-m\libgcc.a
LOAD c:/program files (x86)/gnu tools arm embedded/6 2017-q2-update/bin/../lib/gcc/arm-none-eabi/6.3.1/../../../../arm-none-eabi/lib/thumb/v7e-m\libg.a
LOAD c:/program files (x86)/gnu tools arm embedded/6 2017-q2-update/bin/../lib/gcc/arm-none-eabi/6.3.1/../../../../arm-none-eabi/lib/thumb/v7e-m\libc.a
END GROUP
OUTPUT(encoder.elf elf32-littlearm)

.debug_info     0x00000000    0x10a26
 .debug_info    0x00000000     0x1154 ..\obj\uart_node.o
 .debug_info    0x00001154      0x27f ..\obj\stm32f4xx_syscfg.o
 .debug_info    0x000013d3      0x9d1 ..\obj\stm32f4xx_usart.o
 .debug_info    0x00001da4      0xa18 ..\obj\tm_stm32f4_adc.o
 .debug_info    0x000027bc      0x10f ..\obj\startup_stm32f4xx.o
 .debug_info    0x000028cb      0xfb8 ..\obj\pwm_motor.o
 .debug_info    0x00003883      0xcbb ..\obj\main.o
 .debug_info    0x0000453e      0xc6e ..\obj\stm32f4xx_rcc.o
 .debug_info    0x000051ac      0xc4b ..\obj\stm32f4xx_adc.o
 .debug_info    0x00005df7      0xe67 ..\obj\printf.o
 .debug_info    0x00006c5e      0xb90 ..\obj\tm_stm32f4_rotary_encoder.o
 .debug_info    0x000077ee      0xd1e ..\obj\odometry.o
 .debug_info    0x0000850c      0x7b8 ..\obj\tm_stm32f4_delay.o
 .debug_info    0x00008cc4      0x64a ..\obj\stm32f4xx_gpio.o
 .debug_info    0x0000930e      0x41d ..\obj\mekanisme_penendang.o
 .debug_info    0x0000972b      0x59e ..\obj\lcd_16x2.o
 .debug_info    0x00009cc9      0x5cc ..\obj\system_stm32f4xx.o
 .debug_info    0x0000a295      0x77c ..\obj\uart_camera.o
 .debug_info    0x0000aa11     0x153d ..\obj\speed_control.o
 .debug_info    0x0000bf4e      0x362 ..\obj\stm32f4xx_exti.o
 .debug_info    0x0000c2b0      0x549 ..\obj\misc.o
 .debug_info    0x0000c7f9      0x844 ..\obj\tm_stm32f4_gpio.o
 .debug_info    0x0000d03d     0x1d79 ..\obj\localization.o
 .debug_info    0x0000edb6     0x1c70 ..\obj\stm32f4xx_tim.o

.debug_abbrev   0x00000000     0x2d15
 .debug_abbrev  0x00000000      0x250 ..\obj\uart_node.o
 .debug_abbrev  0x00000250      0x144 ..\obj\stm32f4xx_syscfg.o
 .debug_abbrev  0x00000394      0x180 ..\obj\stm32f4xx_usart.o
 .debug_abbrev  0x00000514      0x1b0 ..\obj\tm_stm32f4_adc.o
 .debug_abbrev  0x000006c4       0xbf ..\obj\startup_stm32f4xx.o
 .debug_abbrev  0x00000783      0x256 ..\obj\pwm_motor.o
 .debug_abbrev  0x000009d9      0x238 ..\obj\main.o
 .debug_abbrev  0x00000c11      0x1f6 ..\obj\stm32f4xx_rcc.o
 .debug_abbrev  0x00000e07      0x1a9 ..\obj\stm32f4xx_adc.o
 .debug_abbrev  0x00000fb0      0x28e ..\obj\printf.o
 .debug_abbrev  0x0000123e      0x1fa ..\obj\tm_stm32f4_rotary_encoder.o
 .debug_abbrev  0x00001438      0x1ef ..\obj\odometry.o
 .debug_abbrev  0x00001627      0x1d8 ..\obj\tm_stm32f4_delay.o
 .debug_abbrev  0x000017ff      0x1e1 ..\obj\stm32f4xx_gpio.o
 .debug_abbrev  0x000019e0      0x167 ..\obj\mekanisme_penendang.o
 .debug_abbrev  0x00001b47      0x1e6 ..\obj\lcd_16x2.o
 .debug_abbrev  0x00001d2d      0x156 ..\obj\system_stm32f4xx.o
 .debug_abbrev  0x00001e83      0x16b ..\obj\uart_camera.o
 .debug_abbrev  0x00001fee      0x320 ..\obj\speed_control.o
 .debug_abbrev  0x0000230e      0x1ba ..\obj\stm32f4xx_exti.o
 .debug_abbrev  0x000024c8      0x170 ..\obj\misc.o
 .debug_abbrev  0x00002638      0x17a ..\obj\tm_stm32f4_gpio.o
 .debug_abbrev  0x000027b2      0x3cb ..\obj\localization.o
 .debug_abbrev  0x00002b7d      0x198 ..\obj\stm32f4xx_tim.o

.debug_aranges  0x00000000      0xf98
 .debug_aranges
                0x00000000       0x38 ..\obj\uart_node.o
 .debug_aranges
                0x00000038       0x48 ..\obj\stm32f4xx_syscfg.o
 .debug_aranges
                0x00000080      0x100 ..\obj\stm32f4xx_usart.o
 .debug_aranges
                0x00000180       0xd0 ..\obj\tm_stm32f4_adc.o
 .debug_aranges
                0x00000250       0x28 ..\obj\startup_stm32f4xx.o
 .debug_aranges
                0x00000278       0x38 ..\obj\pwm_motor.o
 .debug_aranges
                0x000002b0       0x20 ..\obj\main.o
 .debug_aranges
                0x000002d0      0x178 ..\obj\stm32f4xx_rcc.o
 .debug_aranges
                0x00000448      0x148 ..\obj\stm32f4xx_adc.o
 .debug_aranges
                0x00000590       0xa0 ..\obj\printf.o
 .debug_aranges
                0x00000630       0xd8 ..\obj\tm_stm32f4_rotary_encoder.o
 .debug_aranges
                0x00000708       0x28 ..\obj\odometry.o
 .debug_aranges
                0x00000730       0x78 ..\obj\tm_stm32f4_delay.o
 .debug_aranges
                0x000007a8       0x90 ..\obj\stm32f4xx_gpio.o
 .debug_aranges
                0x00000838       0x90 ..\obj\mekanisme_penendang.o
 .debug_aranges
                0x000008c8       0x80 ..\obj\lcd_16x2.o
 .debug_aranges
                0x00000948       0x30 ..\obj\system_stm32f4xx.o
 .debug_aranges
                0x00000978       0x30 ..\obj\uart_camera.o
 .debug_aranges
                0x000009a8       0xa8 ..\obj\speed_control.o
 .debug_aranges
                0x00000a50       0x58 ..\obj\stm32f4xx_exti.o
 .debug_aranges
                0x00000aa8       0x40 ..\obj\misc.o
 .debug_aranges
                0x00000ae8       0x98 ..\obj\tm_stm32f4_gpio.o
 .debug_aranges
                0x00000b80      0x120 ..\obj\localization.o
 .debug_aranges
                0x00000ca0      0x2f8 ..\obj\stm32f4xx_tim.o

.debug_ranges   0x00000000      0xe18
 .debug_ranges  0x00000000       0x28 ..\obj\uart_node.o
 .debug_ranges  0x00000028       0x38 ..\obj\stm32f4xx_syscfg.o
 .debug_ranges  0x00000060       0xf0 ..\obj\stm32f4xx_usart.o
 .debug_ranges  0x00000150       0xc0 ..\obj\tm_stm32f4_adc.o
 .debug_ranges  0x00000210       0x18 ..\obj\startup_stm32f4xx.o
 .debug_ranges  0x00000228       0x28 ..\obj\pwm_motor.o
 .debug_ranges  0x00000250       0x10 ..\obj\main.o
 .debug_ranges  0x00000260      0x168 ..\obj\stm32f4xx_rcc.o
 .debug_ranges  0x000003c8      0x138 ..\obj\stm32f4xx_adc.o
 .debug_ranges  0x00000500       0x90 ..\obj\printf.o
 .debug_ranges  0x00000590       0xc8 ..\obj\tm_stm32f4_rotary_encoder.o
 .debug_ranges  0x00000658       0x18 ..\obj\odometry.o
 .debug_ranges  0x00000670       0x68 ..\obj\tm_stm32f4_delay.o
 .debug_ranges  0x000006d8       0x80 ..\obj\stm32f4xx_gpio.o
 .debug_ranges  0x00000758       0x80 ..\obj\mekanisme_penendang.o
 .debug_ranges  0x000007d8       0x70 ..\obj\lcd_16x2.o
 .debug_ranges  0x00000848       0x20 ..\obj\system_stm32f4xx.o
 .debug_ranges  0x00000868       0x20 ..\obj\uart_camera.o
 .debug_ranges  0x00000888       0x98 ..\obj\speed_control.o
 .debug_ranges  0x00000920       0x48 ..\obj\stm32f4xx_exti.o
 .debug_ranges  0x00000968       0x30 ..\obj\misc.o
 .debug_ranges  0x00000998       0x88 ..\obj\tm_stm32f4_gpio.o
 .debug_ranges  0x00000a20      0x110 ..\obj\localization.o
 .debug_ranges  0x00000b30      0x2e8 ..\obj\stm32f4xx_tim.o

.debug_line     0x00000000     0x7993
 .debug_line    0x00000000      0x4a0 ..\obj\uart_node.o
 .debug_line    0x000004a0      0x2ce ..\obj\stm32f4xx_syscfg.o
 .debug_line    0x0000076e      0x5a7 ..\obj\stm32f4xx_usart.o
 .debug_line    0x00000d15      0x52e ..\obj\tm_stm32f4_adc.o
 .debug_line    0x00001243       0xcd ..\obj\startup_stm32f4xx.o
 .debug_line    0x00001310      0x4a2 ..\obj\pwm_motor.o
 .debug_line    0x000017b2      0x40f ..\obj\main.o
 .debug_line    0x00001bc1      0x693 ..\obj\stm32f4xx_rcc.o
 .debug_line    0x00002254      0x64b ..\obj\stm32f4xx_adc.o
 .debug_line    0x0000289f      0x3b3 ..\obj\printf.o
 .debug_line    0x00002c52      0x5c2 ..\obj\tm_stm32f4_rotary_encoder.o
 .debug_line    0x00003214      0x435 ..\obj\odometry.o
 .debug_line    0x00003649      0x3f5 ..\obj\tm_stm32f4_delay.o
 .debug_line    0x00003a3e      0x462 ..\obj\stm32f4xx_gpio.o
 .debug_line    0x00003ea0      0x425 ..\obj\mekanisme_penendang.o
 .debug_line    0x000042c5      0x508 ..\obj\lcd_16x2.o
 .debug_line    0x000047cd      0x2cd ..\obj\system_stm32f4xx.o
 .debug_line    0x00004a9a      0x37f ..\obj\uart_camera.o
 .debug_line    0x00004e19      0x5f2 ..\obj\speed_control.o
 .debug_line    0x0000540b      0x38f ..\obj\stm32f4xx_exti.o
 .debug_line    0x0000579a      0x32c ..\obj\misc.o
 .debug_line    0x00005ac6      0x4a0 ..\obj\tm_stm32f4_gpio.o
 .debug_line    0x00005f66      0xe7e ..\obj\localization.o
 .debug_line    0x00006de4      0xbaf ..\obj\stm32f4xx_tim.o

.debug_str      0x00000000     0x4f58
 .debug_str     0x00000000      0xf66 ..\obj\uart_node.o
                               0x1070 (size before relaxing)
 .debug_str     0x00000f66      0x1a1 ..\obj\stm32f4xx_syscfg.o
                                0x32f (size before relaxing)
 .debug_str     0x00001107      0x435 ..\obj\stm32f4xx_usart.o
                                0x6ca (size before relaxing)
 .debug_str     0x0000153c      0x712 ..\obj\tm_stm32f4_adc.o
                                0x934 (size before relaxing)
 .debug_str     0x00001c4e       0xed ..\obj\startup_stm32f4xx.o
                                0x184 (size before relaxing)
 .debug_str     0x00001d3b      0x25c ..\obj\pwm_motor.o
                                0xb81 (size before relaxing)
 .debug_str     0x00001f97       0x9e ..\obj\main.o
                                0x971 (size before relaxing)
 .debug_str     0x00002035      0x55d ..\obj\stm32f4xx_rcc.o
                                0x88b (size before relaxing)
 .debug_str     0x00002592      0x4dd ..\obj\stm32f4xx_adc.o
                                0x83f (size before relaxing)
 .debug_str     0x00002a6f      0x13e ..\obj\printf.o
                                0x6dd (size before relaxing)
 .debug_str     0x00002bad      0x38e ..\obj\tm_stm32f4_rotary_encoder.o
                                0xc32 (size before relaxing)
 .debug_str     0x00002f3b      0x140 ..\obj\odometry.o
                                0x8de (size before relaxing)
 .debug_str     0x0000307b      0x1f8 ..\obj\tm_stm32f4_delay.o
                                0x8bf (size before relaxing)
 .debug_str     0x00003273      0x1a2 ..\obj\stm32f4xx_gpio.o
                                0x4de (size before relaxing)
 .debug_str     0x00003415      0x12f ..\obj\mekanisme_penendang.o
                                0x46f (size before relaxing)
 .debug_str     0x00003544      0x1fc ..\obj\lcd_16x2.o
                                0x53b (size before relaxing)
 .debug_str     0x00003740       0xd4 ..\obj\system_stm32f4xx.o
                                0x3ca (size before relaxing)
 .debug_str     0x00003814       0xa7 ..\obj\uart_camera.o
                                0xab1 (size before relaxing)
 .debug_str     0x000038bb      0x315 ..\obj\speed_control.o
                               0x11fd (size before relaxing)
 .debug_str     0x00003bd0      0x11b ..\obj\stm32f4xx_exti.o
                                0x394 (size before relaxing)
 .debug_str     0x00003ceb      0x127 ..\obj\misc.o
                                0x409 (size before relaxing)
 .debug_str     0x00003e12      0x216 ..\obj\tm_stm32f4_gpio.o
                                0x5ed (size before relaxing)
 .debug_str     0x00004028      0x507 ..\obj\localization.o
                               0x16f0 (size before relaxing)
 .debug_str     0x0000452f      0xa29 ..\obj\stm32f4xx_tim.o
                                0xe0b (size before relaxing)

.comment        0x00000000       0x7f
 .comment       0x00000000       0x7f ..\obj\uart_node.o
                                 0x80 (size before relaxing)
 .comment       0x0000007f       0x80 ..\obj\stm32f4xx_syscfg.o
 .comment       0x0000007f       0x80 ..\obj\stm32f4xx_usart.o
 .comment       0x0000007f       0x80 ..\obj\tm_stm32f4_adc.o
 .comment       0x0000007f       0x80 ..\obj\startup_stm32f4xx.o
 .comment       0x0000007f       0x80 ..\obj\pwm_motor.o
 .comment       0x0000007f       0x80 ..\obj\main.o
 .comment       0x0000007f       0x80 ..\obj\stm32f4xx_rcc.o
 .comment       0x0000007f       0x80 ..\obj\stm32f4xx_adc.o
 .comment       0x0000007f       0x80 ..\obj\printf.o
 .comment       0x0000007f       0x80 ..\obj\tm_stm32f4_rotary_encoder.o
 .comment       0x0000007f       0x80 ..\obj\odometry.o
 .comment       0x0000007f       0x80 ..\obj\tm_stm32f4_delay.o
 .comment       0x0000007f       0x80 ..\obj\stm32f4xx_gpio.o
 .comment       0x0000007f       0x80 ..\obj\mekanisme_penendang.o
 .comment       0x0000007f       0x80 ..\obj\lcd_16x2.o
 .comment       0x0000007f       0x80 ..\obj\system_stm32f4xx.o
 .comment       0x0000007f       0x80 ..\obj\uart_camera.o
 .comment       0x0000007f       0x80 ..\obj\speed_control.o
 .comment       0x0000007f       0x80 ..\obj\stm32f4xx_exti.o
 .comment       0x0000007f       0x80 ..\obj\misc.o
 .comment       0x0000007f       0x80 ..\obj\tm_stm32f4_gpio.o
 .comment       0x0000007f       0x80 ..\obj\localization.o
 .comment       0x0000007f       0x80 ..\obj\stm32f4xx_tim.o

.ARM.attributes
                0x00000000       0x33
 .ARM.attributes
                0x00000000       0x33 ..\obj\uart_node.o
 .ARM.attributes
                0x00000033       0x33 ..\obj\stm32f4xx_syscfg.o
 .ARM.attributes
                0x00000066       0x33 ..\obj\stm32f4xx_usart.o
 .ARM.attributes
                0x00000099       0x33 ..\obj\tm_stm32f4_adc.o
 .ARM.attributes
                0x000000cc       0x33 ..\obj\startup_stm32f4xx.o
 .ARM.attributes
                0x000000ff       0x33 ..\obj\pwm_motor.o
 .ARM.attributes
                0x00000132       0x33 ..\obj\main.o
 .ARM.attributes
                0x00000165       0x33 ..\obj\stm32f4xx_rcc.o
 .ARM.attributes
                0x00000198       0x33 ..\obj\stm32f4xx_adc.o
 .ARM.attributes
                0x000001cb       0x33 ..\obj\printf.o
 .ARM.attributes
                0x000001fe       0x33 ..\obj\tm_stm32f4_rotary_encoder.o
 .ARM.attributes
                0x00000231       0x33 ..\obj\odometry.o
 .ARM.attributes
                0x00000264       0x33 ..\obj\tm_stm32f4_delay.o
 .ARM.attributes
                0x00000297       0x33 ..\obj\stm32f4xx_gpio.o
 .ARM.attributes
                0x000002ca       0x33 ..\obj\mekanisme_penendang.o
 .ARM.attributes
                0x000002fd       0x33 ..\obj\lcd_16x2.o
 .ARM.attributes
                0x00000330       0x33 ..\obj\system_stm32f4xx.o
 .ARM.attributes
                0x00000363       0x33 ..\obj\uart_camera.o
 .ARM.attributes
                0x00000396       0x33 ..\obj\speed_control.o
 .ARM.attributes
                0x000003c9       0x33 ..\obj\stm32f4xx_exti.o
 .ARM.attributes
                0x000003fc       0x33 ..\obj\misc.o
 .ARM.attributes
                0x0000042f       0x33 ..\obj\tm_stm32f4_gpio.o
 .ARM.attributes
                0x00000462       0x33 ..\obj\localization.o
 .ARM.attributes
                0x00000495       0x33 ..\obj\stm32f4xx_tim.o
 .ARM.attributes
                0x000004c8       0x2e c:/program files (x86)/gnu tools arm embedded/6 2017-q2-update/bin/../lib/gcc/arm-none-eabi/6.3.1/../../../../arm-none-eabi/lib/thumb/v7e-m\libm.a(lib_a-s_cos.o)
 .ARM.attributes
                0x000004f6       0x2e c:/program files (x86)/gnu tools arm embedded/6 2017-q2-update/bin/../lib/gcc/arm-none-eabi/6.3.1/../../../../arm-none-eabi/lib/thumb/v7e-m\libm.a(lib_a-s_fabs.o)
 .ARM.attributes
                0x00000524       0x2e c:/program files (x86)/gnu tools arm embedded/6 2017-q2-update/bin/../lib/gcc/arm-none-eabi/6.3.1/../../../../arm-none-eabi/lib/thumb/v7e-m\libm.a(lib_a-s_sin.o)
 .ARM.attributes
                0x00000552       0x2e c:/program files (x86)/gnu tools arm embedded/6 2017-q2-update/bin/../lib/gcc/arm-none-eabi/6.3.1/../../../../arm-none-eabi/lib/thumb/v7e-m\libm.a(lib_a-e_rem_pio2.o)
 .ARM.attributes
                0x00000580       0x2e c:/program files (x86)/gnu tools arm embedded/6 2017-q2-update/bin/../lib/gcc/arm-none-eabi/6.3.1/../../../../arm-none-eabi/lib/thumb/v7e-m\libm.a(lib_a-k_cos.o)
 .ARM.attributes
                0x000005ae       0x2e c:/program files (x86)/gnu tools arm embedded/6 2017-q2-update/bin/../lib/gcc/arm-none-eabi/6.3.1/../../../../arm-none-eabi/lib/thumb/v7e-m\libm.a(lib_a-k_rem_pio2.o)
 .ARM.attributes
                0x000005dc       0x2e c:/program files (x86)/gnu tools arm embedded/6 2017-q2-update/bin/../lib/gcc/arm-none-eabi/6.3.1/../../../../arm-none-eabi/lib/thumb/v7e-m\libm.a(lib_a-k_sin.o)
 .ARM.attributes
                0x0000060a       0x2e c:/program files (x86)/gnu tools arm embedded/6 2017-q2-update/bin/../lib/gcc/arm-none-eabi/6.3.1/../../../../arm-none-eabi/lib/thumb/v7e-m\libm.a(lib_a-s_floor.o)
 .ARM.attributes
                0x00000638       0x2e c:/program files (x86)/gnu tools arm embedded/6 2017-q2-update/bin/../lib/gcc/arm-none-eabi/6.3.1/../../../../arm-none-eabi/lib/thumb/v7e-m\libm.a(lib_a-s_scalbn.o)
 .ARM.attributes
                0x00000666       0x2e c:/program files (x86)/gnu tools arm embedded/6 2017-q2-update/bin/../lib/gcc/arm-none-eabi/6.3.1/../../../../arm-none-eabi/lib/thumb/v7e-m\libm.a(lib_a-s_copysign.o)
 .ARM.attributes
                0x00000694       0x1e c:/program files (x86)/gnu tools arm embedded/6 2017-q2-update/bin/../lib/gcc/arm-none-eabi/6.3.1/thumb/v7e-m\libgcc.a(_arm_addsubdf3.o)
 .ARM.attributes
                0x000006b2       0x1e c:/program files (x86)/gnu tools arm embedded/6 2017-q2-update/bin/../lib/gcc/arm-none-eabi/6.3.1/thumb/v7e-m\libgcc.a(_arm_muldivdf3.o)
 .ARM.attributes
                0x000006d0       0x1e c:/program files (x86)/gnu tools arm embedded/6 2017-q2-update/bin/../lib/gcc/arm-none-eabi/6.3.1/thumb/v7e-m\libgcc.a(_arm_cmpdf2.o)
 .ARM.attributes
                0x000006ee       0x1e c:/program files (x86)/gnu tools arm embedded/6 2017-q2-update/bin/../lib/gcc/arm-none-eabi/6.3.1/thumb/v7e-m\libgcc.a(_arm_fixdfsi.o)
 .ARM.attributes
                0x0000070c       0x1e c:/program files (x86)/gnu tools arm embedded/6 2017-q2-update/bin/../lib/gcc/arm-none-eabi/6.3.1/thumb/v7e-m\libgcc.a(_arm_truncdfsf2.o)
 .ARM.attributes
                0x0000072a       0x1e c:/program files (x86)/gnu tools arm embedded/6 2017-q2-update/bin/../lib/gcc/arm-none-eabi/6.3.1/thumb/v7e-m\libgcc.a(_arm_addsubsf3.o)
 .ARM.attributes
                0x00000748       0x1e c:/program files (x86)/gnu tools arm embedded/6 2017-q2-update/bin/../lib/gcc/arm-none-eabi/6.3.1/thumb/v7e-m\libgcc.a(_arm_muldivsf3.o)
 .ARM.attributes
                0x00000766       0x1e c:/program files (x86)/gnu tools arm embedded/6 2017-q2-update/bin/../lib/gcc/arm-none-eabi/6.3.1/thumb/v7e-m\libgcc.a(_arm_cmpsf2.o)
 .ARM.attributes
                0x00000784       0x1e c:/program files (x86)/gnu tools arm embedded/6 2017-q2-update/bin/../lib/gcc/arm-none-eabi/6.3.1/thumb/v7e-m\libgcc.a(_arm_fixsfsi.o)

.debug_frame    0x00000000     0x4608
 .debug_frame   0x00000000       0x88 ..\obj\uart_node.o
 .debug_frame   0x00000088       0xf4 ..\obj\stm32f4xx_syscfg.o
 .debug_frame   0x0000017c      0x490 ..\obj\stm32f4xx_usart.o
 .debug_frame   0x0000060c      0x344 ..\obj\tm_stm32f4_adc.o
 .debug_frame   0x00000950       0x4c ..\obj\startup_stm32f4xx.o
 .debug_frame   0x0000099c       0xa0 ..\obj\pwm_motor.o
 .debug_frame   0x00000a3c       0x2c ..\obj\main.o
 .debug_frame   0x00000a68      0x6d4 ..\obj\stm32f4xx_rcc.o
 .debug_frame   0x0000113c      0x5ec ..\obj\stm32f4xx_adc.o
 .debug_frame   0x00001728      0x2dc ..\obj\printf.o
 .debug_frame   0x00001a04      0x358 ..\obj\tm_stm32f4_rotary_encoder.o
 .debug_frame   0x00001d5c       0x68 ..\obj\odometry.o
 .debug_frame   0x00001dc4      0x1b8 ..\obj\tm_stm32f4_delay.o
 .debug_frame   0x00001f7c      0x264 ..\obj\stm32f4xx_gpio.o
 .debug_frame   0x000021e0      0x1d4 ..\obj\mekanisme_penendang.o
 .debug_frame   0x000023b4      0x1d0 ..\obj\lcd_16x2.o
 .debug_frame   0x00002584       0x7c ..\obj\system_stm32f4xx.o
 .debug_frame   0x00002600       0x70 ..\obj\uart_camera.o
 .debug_frame   0x00002670      0x28c ..\obj\speed_control.o
 .debug_frame   0x000028fc      0x148 ..\obj\stm32f4xx_exti.o
 .debug_frame   0x00002a44       0xd8 ..\obj\misc.o
 .debug_frame   0x00002b1c      0x274 ..\obj\tm_stm32f4_gpio.o
 .debug_frame   0x00002d90      0x46c ..\obj\localization.o
 .debug_frame   0x000031fc      0xe54 ..\obj\stm32f4xx_tim.o
 .debug_frame   0x00004050       0x38 c:/program files (x86)/gnu tools arm embedded/6 2017-q2-update/bin/../lib/gcc/arm-none-eabi/6.3.1/../../../../arm-none-eabi/lib/thumb/v7e-m\libm.a(lib_a-s_cos.o)
 .debug_frame   0x00004088       0x20 c:/program files (x86)/gnu tools arm embedded/6 2017-q2-update/bin/../lib/gcc/arm-none-eabi/6.3.1/../../../../arm-none-eabi/lib/thumb/v7e-m\libm.a(lib_a-s_fabs.o)
 .debug_frame   0x000040a8       0x38 c:/program files (x86)/gnu tools arm embedded/6 2017-q2-update/bin/../lib/gcc/arm-none-eabi/6.3.1/../../../../arm-none-eabi/lib/thumb/v7e-m\libm.a(lib_a-s_sin.o)
 .debug_frame   0x000040e0       0x48 c:/program files (x86)/gnu tools arm embedded/6 2017-q2-update/bin/../lib/gcc/arm-none-eabi/6.3.1/../../../../arm-none-eabi/lib/thumb/v7e-m\libm.a(lib_a-e_rem_pio2.o)
 .debug_frame   0x00004128       0x4c c:/program files (x86)/gnu tools arm embedded/6 2017-q2-update/bin/../lib/gcc/arm-none-eabi/6.3.1/../../../../arm-none-eabi/lib/thumb/v7e-m\libm.a(lib_a-k_cos.o)
 .debug_frame   0x00004174       0x50 c:/program files (x86)/gnu tools arm embedded/6 2017-q2-update/bin/../lib/gcc/arm-none-eabi/6.3.1/../../../../arm-none-eabi/lib/thumb/v7e-m\libm.a(lib_a-k_rem_pio2.o)
 .debug_frame   0x000041c4       0x48 c:/program files (x86)/gnu tools arm embedded/6 2017-q2-update/bin/../lib/gcc/arm-none-eabi/6.3.1/../../../../arm-none-eabi/lib/thumb/v7e-m\libm.a(lib_a-k_sin.o)
 .debug_frame   0x0000420c       0x34 c:/program files (x86)/gnu tools arm embedded/6 2017-q2-update/bin/../lib/gcc/arm-none-eabi/6.3.1/../../../../arm-none-eabi/lib/thumb/v7e-m\libm.a(lib_a-s_floor.o)
 .debug_frame   0x00004240       0x30 c:/program files (x86)/gnu tools arm embedded/6 2017-q2-update/bin/../lib/gcc/arm-none-eabi/6.3.1/../../../../arm-none-eabi/lib/thumb/v7e-m\libm.a(lib_a-s_scalbn.o)
 .debug_frame   0x00004270       0x20 c:/program files (x86)/gnu tools arm embedded/6 2017-q2-update/bin/../lib/gcc/arm-none-eabi/6.3.1/../../../../arm-none-eabi/lib/thumb/v7e-m\libm.a(lib_a-s_copysign.o)
 .debug_frame   0x00004290       0xac c:/program files (x86)/gnu tools arm embedded/6 2017-q2-update/bin/../lib/gcc/arm-none-eabi/6.3.1/thumb/v7e-m\libgcc.a(_arm_addsubdf3.o)
 .debug_frame   0x0000433c       0x50 c:/program files (x86)/gnu tools arm embedded/6 2017-q2-update/bin/../lib/gcc/arm-none-eabi/6.3.1/thumb/v7e-m\libgcc.a(_arm_muldivdf3.o)
 .debug_frame   0x0000438c       0xc4 c:/program files (x86)/gnu tools arm embedded/6 2017-q2-update/bin/../lib/gcc/arm-none-eabi/6.3.1/thumb/v7e-m\libgcc.a(_arm_cmpdf2.o)
 .debug_frame   0x00004450       0x24 c:/program files (x86)/gnu tools arm embedded/6 2017-q2-update/bin/../lib/gcc/arm-none-eabi/6.3.1/thumb/v7e-m\libgcc.a(_arm_fixdfsi.o)
 .debug_frame   0x00004474       0x24 c:/program files (x86)/gnu tools arm embedded/6 2017-q2-update/bin/../lib/gcc/arm-none-eabi/6.3.1/thumb/v7e-m\libgcc.a(_arm_truncdfsf2.o)
 .debug_frame   0x00004498       0x4c c:/program files (x86)/gnu tools arm embedded/6 2017-q2-update/bin/../lib/gcc/arm-none-eabi/6.3.1/thumb/v7e-m\libgcc.a(_arm_addsubsf3.o)
 .debug_frame   0x000044e4       0x38 c:/program files (x86)/gnu tools arm embedded/6 2017-q2-update/bin/../lib/gcc/arm-none-eabi/6.3.1/thumb/v7e-m\libgcc.a(_arm_muldivsf3.o)
 .debug_frame   0x0000451c       0xc8 c:/program files (x86)/gnu tools arm embedded/6 2017-q2-update/bin/../lib/gcc/arm-none-eabi/6.3.1/thumb/v7e-m\libgcc.a(_arm_cmpsf2.o)
 .debug_frame   0x000045e4       0x24 c:/program files (x86)/gnu tools arm embedded/6 2017-q2-update/bin/../lib/gcc/arm-none-eabi/6.3.1/thumb/v7e-m\libgcc.a(_arm_fixsfsi.o)
